Archive member included to satisfy reference by file (symbol)

C:/ST/STM32CubeCLT_1.19.0/GNU-tools-for-STM32/bin/../lib/gcc/arm-none-eabi/13.3.1/thumb/v7e-m+fp/hard\libgcc.a(_aeabi_uldivmod.o)
                              cmake/stm32cubemx/CMakeFiles/STM32_Drivers.dir/__/__/Drivers/STM32F4xx_HAL_Driver/Src/stm32f4xx_hal_uart.c.obj (__aeabi_uldivmod)
C:/ST/STM32CubeCLT_1.19.0/GNU-tools-for-STM32/bin/../lib/gcc/arm-none-eabi/13.3.1/thumb/v7e-m+fp/hard\libgcc.a(_udivmoddi4.o)
                              C:/ST/STM32CubeCLT_1.19.0/GNU-tools-for-STM32/bin/../lib/gcc/arm-none-eabi/13.3.1/thumb/v7e-m+fp/hard\libgcc.a(_aeabi_uldivmod.o) (__udivmoddi4)
C:/ST/STM32CubeCLT_1.19.0/GNU-tools-for-STM32/bin/../lib/gcc/arm-none-eabi/13.3.1/thumb/v7e-m+fp/hard\libgcc.a(_dvmd_tls.o)
                              C:/ST/STM32CubeCLT_1.19.0/GNU-tools-for-STM32/bin/../lib/gcc/arm-none-eabi/13.3.1/thumb/v7e-m+fp/hard\libgcc.a(_aeabi_uldivmod.o) (__aeabi_ldiv0)
C:/ST/STM32CubeCLT_1.19.0/GNU-tools-for-STM32/bin/../lib/gcc/arm-none-eabi/13.3.1/../../../../arm-none-eabi/lib/thumb/v7e-m+fp/hard\libg_nano.a(libc_a-exit.o)
                              C:/ST/STM32CubeCLT_1.19.0/GNU-tools-for-STM32/bin/../lib/gcc/arm-none-eabi/13.3.1/../../../../arm-none-eabi/lib/thumb/v7e-m+fp/hard/crt0.o (exit)
C:/ST/STM32CubeCLT_1.19.0/GNU-tools-for-STM32/bin/../lib/gcc/arm-none-eabi/13.3.1/../../../../arm-none-eabi/lib/thumb/v7e-m+fp/hard\libg_nano.a(libc_a-findfp.o)
                              C:/ST/STM32CubeCLT_1.19.0/GNU-tools-for-STM32/bin/../lib/gcc/arm-none-eabi/13.3.1/../../../../arm-none-eabi/lib/thumb/v7e-m+fp/hard\libg_nano.a(libc_a-exit.o) (__stdio_exit_handler)
C:/ST/STM32CubeCLT_1.19.0/GNU-tools-for-STM32/bin/../lib/gcc/arm-none-eabi/13.3.1/../../../../arm-none-eabi/lib/thumb/v7e-m+fp/hard\libg_nano.a(libc_a-fwalk.o)
                              C:/ST/STM32CubeCLT_1.19.0/GNU-tools-for-STM32/bin/../lib/gcc/arm-none-eabi/13.3.1/../../../../arm-none-eabi/lib/thumb/v7e-m+fp/hard\libg_nano.a(libc_a-findfp.o) (_fwalk_sglue)
C:/ST/STM32CubeCLT_1.19.0/GNU-tools-for-STM32/bin/../lib/gcc/arm-none-eabi/13.3.1/../../../../arm-none-eabi/lib/thumb/v7e-m+fp/hard\libg_nano.a(libc_a-printf.o)
                              CMakeFiles/helloworld.dir/Core/Src/main.c.obj (printf)
C:/ST/STM32CubeCLT_1.19.0/GNU-tools-for-STM32/bin/../lib/gcc/arm-none-eabi/13.3.1/../../../../arm-none-eabi/lib/thumb/v7e-m+fp/hard\libg_nano.a(libc_a-stdio.o)
                              C:/ST/STM32CubeCLT_1.19.0/GNU-tools-for-STM32/bin/../lib/gcc/arm-none-eabi/13.3.1/../../../../arm-none-eabi/lib/thumb/v7e-m+fp/hard\libg_nano.a(libc_a-findfp.o) (__sread)
C:/ST/STM32CubeCLT_1.19.0/GNU-tools-for-STM32/bin/../lib/gcc/arm-none-eabi/13.3.1/../../../../arm-none-eabi/lib/thumb/v7e-m+fp/hard\libg_nano.a(libc_a-memset.o)
                              C:/ST/STM32CubeCLT_1.19.0/GNU-tools-for-STM32/bin/../lib/gcc/arm-none-eabi/13.3.1/../../../../arm-none-eabi/lib/thumb/v7e-m+fp/hard/crt0.o (memset)
C:/ST/STM32CubeCLT_1.19.0/GNU-tools-for-STM32/bin/../lib/gcc/arm-none-eabi/13.3.1/../../../../arm-none-eabi/lib/thumb/v7e-m+fp/hard\libg_nano.a(libc_a-closer.o)
                              C:/ST/STM32CubeCLT_1.19.0/GNU-tools-for-STM32/bin/../lib/gcc/arm-none-eabi/13.3.1/../../../../arm-none-eabi/lib/thumb/v7e-m+fp/hard\libg_nano.a(libc_a-stdio.o) (_close_r)
C:/ST/STM32CubeCLT_1.19.0/GNU-tools-for-STM32/bin/../lib/gcc/arm-none-eabi/13.3.1/../../../../arm-none-eabi/lib/thumb/v7e-m+fp/hard\libg_nano.a(libc_a-reent.o)
                              C:/ST/STM32CubeCLT_1.19.0/GNU-tools-for-STM32/bin/../lib/gcc/arm-none-eabi/13.3.1/../../../../arm-none-eabi/lib/thumb/v7e-m+fp/hard\libg_nano.a(libc_a-closer.o) (errno)
C:/ST/STM32CubeCLT_1.19.0/GNU-tools-for-STM32/bin/../lib/gcc/arm-none-eabi/13.3.1/../../../../arm-none-eabi/lib/thumb/v7e-m+fp/hard\libg_nano.a(libc_a-impure.o)
                              C:/ST/STM32CubeCLT_1.19.0/GNU-tools-for-STM32/bin/../lib/gcc/arm-none-eabi/13.3.1/../../../../arm-none-eabi/lib/thumb/v7e-m+fp/hard\libg_nano.a(libc_a-printf.o) (_impure_ptr)
C:/ST/STM32CubeCLT_1.19.0/GNU-tools-for-STM32/bin/../lib/gcc/arm-none-eabi/13.3.1/../../../../arm-none-eabi/lib/thumb/v7e-m+fp/hard\libg_nano.a(libc_a-lseekr.o)
                              C:/ST/STM32CubeCLT_1.19.0/GNU-tools-for-STM32/bin/../lib/gcc/arm-none-eabi/13.3.1/../../../../arm-none-eabi/lib/thumb/v7e-m+fp/hard\libg_nano.a(libc_a-stdio.o) (_lseek_r)
C:/ST/STM32CubeCLT_1.19.0/GNU-tools-for-STM32/bin/../lib/gcc/arm-none-eabi/13.3.1/../../../../arm-none-eabi/lib/thumb/v7e-m+fp/hard\libg_nano.a(libc_a-readr.o)
                              C:/ST/STM32CubeCLT_1.19.0/GNU-tools-for-STM32/bin/../lib/gcc/arm-none-eabi/13.3.1/../../../../arm-none-eabi/lib/thumb/v7e-m+fp/hard\libg_nano.a(libc_a-stdio.o) (_read_r)
C:/ST/STM32CubeCLT_1.19.0/GNU-tools-for-STM32/bin/../lib/gcc/arm-none-eabi/13.3.1/../../../../arm-none-eabi/lib/thumb/v7e-m+fp/hard\libg_nano.a(libc_a-writer.o)
[...]
Memory Configuration

Name             Origin             Length             Attributes
RAM              0x20000000         0x00020000         xrw
FLASH            0x08000000         0x00080000         xr
*default*        0x00000000         0xffffffff

Linker script and memory map

LOAD C:/ST/STM32CubeCLT_1.19.0/GNU-tools-for-STM32/bin/../lib/gcc/arm-none-eabi/13.3.1/thumb/v7e-m+fp/hard/crti.o
LOAD C:/ST/STM32CubeCLT_1.19.0/GNU-tools-for-STM32/bin/../lib/gcc/arm-none-eabi/13.3.1/thumb/v7e-m+fp/hard/crtbegin.o
LOAD C:/ST/STM32CubeCLT_1.19.0/GNU-tools-for-STM32/bin/../lib/gcc/arm-none-eabi/13.3.1/../../../../arm-none-eabi/lib/thumb/v7e-m+fp/hard/crt0.o
LOAD cmake/stm32cubemx/CMakeFiles/STM32_Drivers.dir/__/__/Core/Src/system_stm32f4xx.c.obj
LOAD cmake/stm32cubemx/CMakeFiles/STM32_Drivers.dir/__/__/Drivers/STM32F4xx_HAL_Driver/Src/stm32f4xx_hal_uart.c.obj
LOAD cmake/stm32cubemx/CMakeFiles/STM32_Drivers.dir/__/__/Drivers/STM32F4xx_HAL_Driver/Src/stm32f4xx_hal_rcc.c.obj
LOAD cmake/stm32cubemx/CMakeFiles/STM32_Drivers.dir/__/__/Drivers/STM32F4xx_HAL_Driver/Src/stm32f4xx_hal_rcc_ex.c.obj
LOAD cmake/stm32cubemx/CMakeFiles/STM32_Drivers.dir/__/__/Drivers/STM32F4xx_HAL_Driver/Src/stm32f4xx_hal_flash.c.obj
LOAD cmake/stm32cubemx/CMakeFiles/STM32_Drivers.dir/__/__/Drivers/STM32F4xx_HAL_Driver/Src/stm32f4xx_hal_flash_ex.c.obj
LOAD cmake/stm32cubemx/CMakeFiles/STM32_Drivers.dir/__/__/Drivers/STM32F4xx_HAL_Driver/Src/stm32f4xx_hal_flash_ramfunc.c.obj
LOAD cmake/stm32cubemx/CMakeFiles/STM32_Drivers.dir/__/__/Drivers/STM32F4xx_HAL_Driver/Src/stm32f4xx_hal_gpio.c.obj
LOAD cmake/stm32cubemx/CMakeFiles/STM32_Drivers.dir/__/__/Drivers/STM32F4xx_HAL_Driver/Src/stm32f4xx_hal_dma_ex.c.obj
LOAD cmake/stm32cubemx/CMakeFiles/STM32_Drivers.dir/__/__/Drivers/STM32F4xx_HAL_Driver/Src/stm32f4xx_hal_dma.c.obj
LOAD cmake/stm32cubemx/CMakeFiles/STM32_Drivers.dir/__/__/Drivers/STM32F4xx_HAL_Driver/Src/stm32f4xx_hal_pwr.c.obj
LOAD cmake/stm32cubemx/CMakeFiles/STM32_Drivers.dir/__/__/Drivers/STM32F4xx_HAL_Driver/Src/stm32f4xx_hal_pwr_ex.c.obj
LOAD cmake/stm32cubemx/CMakeFiles/STM32_Drivers.dir/__/__/Drivers/STM32F4xx_HAL_Driver/Src/stm32f4xx_hal_cortex.c.obj
LOAD cmake/stm32cubemx/CMakeFiles/STM32_Drivers.dir/__/__/Drivers/STM32F4xx_HAL_Driver/Src/stm32f4xx_hal.c.obj
LOAD cmake/stm32cubemx/CMakeFiles/STM32_Drivers.dir/__/__/Drivers/STM32F4xx_HAL_Driver/Src/stm32f4xx_hal_exti.c.obj
LOAD CMakeFiles/helloworld.dir/Core/Src/main.c.obj
LOAD CMakeFiles/helloworld.dir/Core/Src/stm32f4xx_it.c.obj
LOAD CMakeFiles/helloworld.dir/Core/Src/stm32f4xx_hal_msp.c.obj
LOAD CMakeFiles/helloworld.dir/Core/Src/sysmem.c.obj
LOAD CMakeFiles/helloworld.dir/Core/Src/syscalls.c.obj
LOAD CMakeFiles/helloworld.dir/startup_stm32f446xx.s.obj
LOAD C:/ST/STM32CubeCLT_1.19.0/GNU-tools-for-STM32/bin/../lib/gcc/arm-none-eabi/13.3.1/../../../../arm-none-eabi/lib/thumb/v7e-m+fp/hard\libm.a
START GROUP
LOAD C:/ST/STM32CubeCLT_1.19.0/GNU-tools-for-STM32/bin/../lib/gcc/arm-none-eabi/13.3.1/thumb/v7e-m+fp/hard\libgcc.a
LOAD C:/ST/STM32CubeCLT_1.19.0/GNU-tools-for-STM32/bin/../lib/gcc/arm-none-eabi/13.3.1/../../../../arm-none-eabi/lib/thumb/v7e-m+fp/hard\libg_nano.a
LOAD C:/ST/STM32CubeCLT_1.19.0/GNU-tools-for-STM32/bin/../lib/gcc/arm-none-eabi/13.3.1/../../../../arm-none-eabi/lib/thumb/v7e-m+fp/hard\libc_nano.a
END GROUP
START GROUP
LOAD C:/ST/STM32CubeCLT_1.19.0/GNU-tools-for-STM32/bin/../lib/gcc/arm-none-eabi/13.3.1/thumb/v7e-m+fp/hard\libgcc.a
LOAD C:/ST/STM32CubeCLT_1.19.0/GNU-tools-for-STM32/bin/../lib/gcc/arm-none-eabi/13.3.1/../../../../arm-none-eabi/lib/thumb/v7e-m+fp/hard\libc_nano.a
END GROUP
LOAD C:/ST/STM32CubeCLT_1.19.0/GNU-tools-for-STM32/bin/../lib/gcc/arm-none-eabi/13.3.1/thumb/v7e-m+fp/hard/crtend.o
LOAD C:/ST/STM32CubeCLT_1.19.0/GNU-tools-for-STM32/bin/../lib/gcc/arm-none-eabi/13.3.1/thumb/v7e-m+fp/hard/crtn.o
                0x20020000                        _estack = (ORIGIN (RAM) + LENGTH (RAM))
                0x00000200                        _Min_Heap_Size = 0x200
                0x00000400                        _Min_Stack_Size = 0x400

.isr_vector     0x08000000      0x1c4
                0x08000000                        . = ALIGN (0x4)
 *(.isr_vector)
 .isr_vector    0x08000000      0x1c4 CMakeFiles/helloworld.dir/startup_stm32f446xx.s.obj
                0x08000000                g_pfnVectors
                0x080001c4                        . = ALIGN (0x4)

.text           0x080001d0     0x2f84
                0x080001d0                        . = ALIGN (0x4)
 *(.text)
 .text          0x080001d0       0x40 C:/ST/STM32CubeCLT_1.19.0/GNU-tools-for-STM32/bin/../lib/gcc/arm-none-eabi/13.3.1/thumb/v7e-m+fp/hard/crtbegin.o
 .text          0x08000210       0x30 C:/ST/STM32CubeCLT_1.19.0/GNU-tools-for-STM32/bin/../lib/gcc/arm-none-eabi/13.3.1/thumb/v7e-m+fp/hard\libgcc.a(_aeabi_uldivmod.o)
                0x08000210                __aeabi_uldivmod
 .text          0x08000240      0x2f8 C:/ST/STM32CubeCLT_1.19.0/GNU-tools-for-STM32/bin/../lib/gcc/arm-none-eabi/13.3.1/thumb/v7e-m+fp/hard\libgcc.a(_udivmoddi4.o)
                0x08000240                __udivmoddi4
 .text          0x08000538        0x4 C:/ST/STM32CubeCLT_1.19.0/GNU-tools-for-STM32/bin/../lib/gcc/arm-none-eabi/13.3.1/thumb/v7e-m+fp/hard\libgcc.a(_dvmd_tls.o)
                0x08000538                __aeabi_idiv0
                0x08000538                __aeabi_ldiv0
 *fill*         0x0800053c        0x4 
 .text          0x08000540       0xa0 C:/ST/STM32CubeCLT_1.19.0/GNU-tools-for-STM32/bin/../lib/gcc/arm-none-eabi/13.3.1/../../../../arm-none-eabi/lib/thumb/v7e-m+fp/hard\libg_nano.a(libc_a-memchr.o)
                0x08000540                memchr
 *(.text*)
 .text.SystemInit
                0x080005e0       0x24 cmake/stm32cubemx/CMakeFiles/STM32_Drivers.dir/__/__/Core/Src/system_stm32f4xx.c.obj
                0x080005e0                SystemInit
 .text.HAL_UART_Init
                0x08000604       0xa0 cmake/stm32cubemx/CMakeFiles/STM32_Drivers.dir/__/__/Drivers/STM32F4xx_HAL_Driver/Src/stm32f4xx_hal_uart.c.obj
                0x08000604                HAL_UART_Init
 .text.UART_SetConfig
                0x080006a4      0x4e8 cmake/stm32cubemx/CMakeFiles/STM32_Drivers.dir/__/__/Drivers/STM32F4xx_HAL_Driver/Src/stm32f4xx_hal_uart.c.obj
 .text.HAL_RCC_ClockConfig
                0x08000b8c      0x1cc cmake/stm32cubemx/CMakeFiles/STM32_Drivers.dir/__/__/Drivers/STM32F4xx_HAL_Driver/Src/stm32f4xx_hal_rcc.c.obj
                0x08000b8c                HAL_RCC_ClockConfig
 .text.HAL_RCC_GetHCLKFreq
                0x08000d58       0x18 cmake/stm32cubemx/CMakeFiles/STM32_Drivers.dir/__/__/Drivers/STM32F4xx_HAL_Driver/Src/stm32f4xx_hal_rcc.c.obj
                0x08000d58                HAL_RCC_GetHCLKFreq
 .text.HAL_RCC_GetPCLK1Freq
                0x08000d70       0x28 cmake/stm32cubemx/CMakeFiles/STM32_Drivers.dir/__/__/Drivers/STM32F4xx_HAL_Driver/Src/stm32f4xx_hal_rcc.c.obj
                0x08000d70                HAL_RCC_GetPCLK1Freq
 .text.HAL_RCC_GetPCLK2Freq
                0x08000d98       0x28 cmake/stm32cubemx/CMakeFiles/STM32_Drivers.dir/__/__/Drivers/STM32F4xx_HAL_Driver/Src/stm32f4xx_hal_rcc.c.obj
                0x08000d98                HAL_RCC_GetPCLK2Freq
 .text.HAL_RCC_GetSysClockFreq
                0x08000dc0      0x460 cmake/stm32cubemx/CMakeFiles/STM32_Drivers.dir/__/__/Drivers/STM32F4xx_HAL_Driver/Src/stm32f4xx_hal_rcc_ex.c.obj
                0x08000dc0                HAL_RCC_GetSysClockFreq
 .text.HAL_RCC_OscConfig
                0x08001220      0x53c cmake/stm32cubemx/CMakeFiles/STM32_Drivers.dir/__/__/Drivers/STM32F4xx_HAL_Driver/Src/stm32f4xx_hal_rcc_ex.c.obj
                0x08001220                HAL_RCC_OscConfig
 .text.HAL_GPIO_Init
                0x0800175c      0x328 cmake/stm32cubemx/CMakeFiles/STM32_Drivers.dir/__/__/Drivers/STM32F4xx_HAL_Driver/Src/stm32f4xx_hal_gpio.c.obj
                0x0800175c                HAL_GPIO_Init
 .text.HAL_GPIO_WritePin
                0x08001a84       0x32 cmake/stm32cubemx/CMakeFiles/STM32_Drivers.dir/__/__/Drivers/STM32F4xx_HAL_Driver/Src/stm32f4xx_hal_gpio.c.obj
                0x08001a84                HAL_GPIO_WritePin
 *fill*         0x08001ab6        0x2 
 .text.__NVIC_SetPriorityGrouping
                0x08001ab8       0x48 cmake/stm32cubemx/CMakeFiles/STM32_Drivers.dir/__/__/Drivers/STM32F4xx_HAL_Driver/Src/stm32f4xx_hal_cortex.c.obj
 .text.__NVIC_GetPriorityGrouping
                0x08001b00       0x1c cmake/stm32cubemx/CMakeFiles/STM32_Drivers.dir/__/__/Drivers/STM32F4xx_HAL_Driver/Src/stm32f4xx_hal_cortex.c.obj
 .text.__NVIC_SetPriority
                0x08001b1c       0x54 cmake/stm32cubemx/CMakeFiles/STM32_Drivers.dir/__/__/Drivers/STM32F4xx_HAL_Driver/Src/stm32f4xx_hal_cortex.c.obj
 .text.NVIC_EncodePriority
                0x08001b70       0x66 cmake/stm32cubemx/CMakeFiles/STM32_Drivers.dir/__/__/Drivers/STM32F4xx_HAL_Driver/Src/stm32f4xx_hal_cortex.c.obj
 *fill*         0x08001bd6        0x2 
 .text.SysTick_Config
                0x08001bd8       0x44 cmake/stm32cubemx/CMakeFiles/STM32_Drivers.dir/__/__/Drivers/STM32F4xx_HAL_Driver/Src/stm32f4xx_hal_cortex.c.obj
 .text.HAL_NVIC_SetPriorityGrouping
                0x08001c1c       0x16 cmake/stm32cubemx/CMakeFiles/STM32_Drivers.dir/__/__/Drivers/STM32F4xx_HAL_Driver/Src/stm32f4xx_hal_cortex.c.obj
                0x08001c1c                HAL_NVIC_SetPriorityGrouping
 .text.HAL_NVIC_SetPriority
                0x08001c32       0x38 cmake/stm32cubemx/CMakeFiles/STM32_Drivers.dir/__/__/Drivers/STM32F4xx_HAL_Driver/Src/stm32f4xx_hal_cortex.c.obj
                0x08001c32                HAL_NVIC_SetPriority
 .text.HAL_SYSTICK_Config
                0x08001c6a       0x18 cmake/stm32cubemx/CMakeFiles/STM32_Drivers.dir/__/__/Drivers/STM32F4xx_HAL_Driver/Src/stm32f4xx_hal_cortex.c.obj
                0x08001c6a                HAL_SYSTICK_Config
 *fill*         0x08001c82        0x2 
 .text.HAL_Init
                0x08001c84       0x44 cmake/stm32cubemx/CMakeFiles/STM32_Drivers.dir/__/__/Drivers/STM32F4xx_HAL_Driver/Src/stm32f4xx_hal.c.obj
                0x08001c84                HAL_Init
 .text.HAL_InitTick
                0x08001cc8       0x60 cmake/stm32cubemx/CMakeFiles/STM32_Drivers.dir/__/__/Drivers/STM32F4xx_HAL_Driver/Src/stm32f4xx_hal.c.obj
                0x08001cc8                HAL_InitTick
 .text.HAL_IncTick
                0x08001d28       0x28 cmake/stm32cubemx/CMakeFiles/STM32_Drivers.dir/__/__/Drivers/STM32F4xx_HAL_Driver/Src/stm32f4xx_hal.c.obj
                0x08001d28                HAL_IncTick
 .text.HAL_GetTick
                0x08001d50       0x18 cmake/stm32cubemx/CMakeFiles/STM32_Drivers.dir/__/__/Drivers/STM32F4xx_HAL_Driver/Src/stm32f4xx_hal.c.obj
                0x08001d50                HAL_GetTick
 .text.HAL_Delay
                0x08001d68       0x48 cmake/stm32cubemx/CMakeFiles/STM32_Drivers.dir/__/__/Drivers/STM32F4xx_HAL_Driver/Src/stm32f4xx_hal.c.obj
                0x08001d68                HAL_Delay
 .text.main     0x08001db0       0x3c CMakeFiles/helloworld.dir/Core/Src/main.c.obj
                0x08001db0                main
 .text.SystemClock_Config
                0x08001dec       0xdc CMakeFiles/helloworld.dir/Core/Src/main.c.obj
                0x08001dec                SystemClock_Config
 .text.MX_USART2_UART_Init
                0x08001ec8       0x54 CMakeFiles/helloworld.dir/Core/Src/main.c.obj
 .text.MX_GPIO_Init
                0x08001f1c       0xdc CMakeFiles/helloworld.dir/Core/Src/main.c.obj
 .text.Error_Handler
                0x08001ff8        0xc CMakeFiles/helloworld.dir/Core/Src/main.c.obj
                0x08001ff8                Error_Handler
 .text.NMI_Handler
                0x08002004        0x8 CMakeFiles/helloworld.dir/Core/Src/stm32f4xx_it.c.obj
                0x08002004                NMI_Handler
 .text.HardFault_Handler
                0x0800200c        0x8 CMakeFiles/helloworld.dir/Core/Src/stm32f4xx_it.c.obj
                0x0800200c                HardFault_Handler
 .text.MemManage_Handler
                0x08002014        0x8 CMakeFiles/helloworld.dir/Core/Src/stm32f4xx_it.c.obj
                0x08002014                MemManage_Handler
 .text.BusFault_Handler
                0x0800201c        0x8 CMakeFiles/helloworld.dir/Core/Src/stm32f4xx_it.c.obj
                0x0800201c                BusFault_Handler
 .text.UsageFault_Handler
                0x08002024        0x8 CMakeFiles/helloworld.dir/Core/Src/stm32f4xx_it.c.obj
                0x08002024                UsageFault_Handler
 .text.SVC_Handler
                0x0800202c        0xe CMakeFiles/helloworld.dir/Core/Src/stm32f4xx_it.c.obj
                0x0800202c                SVC_Handler
 .text.DebugMon_Handler
                0x0800203a        0xe CMakeFiles/helloworld.dir/Core/Src/stm32f4xx_it.c.obj
                0x0800203a                DebugMon_Handler
 .text.PendSV_Handler
                0x08002048        0xe CMakeFiles/helloworld.dir/Core/Src/stm32f4xx_it.c.obj
                0x08002048                PendSV_Handler
 .text.SysTick_Handler
                0x08002056        0xc CMakeFiles/helloworld.dir/Core/Src/stm32f4xx_it.c.obj
                0x08002056                SysTick_Handler
 *fill*         0x08002062        0x2 
 .text.HAL_MspInit
                0x08002064       0x50 CMakeFiles/helloworld.dir/Core/Src/stm32f4xx_hal_msp.c.obj
                0x08002064                HAL_MspInit
 .text.HAL_UART_MspInit
                0x080020b4       0x90 CMakeFiles/helloworld.dir/Core/Src/stm32f4xx_hal_msp.c.obj
                0x080020b4                HAL_UART_MspInit
 .text._sbrk    0x08002144       0x6c CMakeFiles/helloworld.dir/Core/Src/sysmem.c.obj
                0x08002144                _sbrk
 .text._read    0x080021b0       0x3a CMakeFiles/helloworld.dir/Core/Src/syscalls.c.obj
                0x080021b0                _read
 .text._write   0x080021ea       0x38 CMakeFiles/helloworld.dir/Core/Src/syscalls.c.obj
                0x080021ea                _write
 .text._close   0x08002222       0x18 CMakeFiles/helloworld.dir/Core/Src/syscalls.c.obj
                0x08002222                _close
 .text._fstat   0x0800223a       0x20 CMakeFiles/helloworld.dir/Core/Src/syscalls.c.obj
                0x0800223a                _fstat
 .text._isatty  0x0800225a       0x16 CMakeFiles/helloworld.dir/Core/Src/syscalls.c.obj
                0x0800225a                _isatty
 .text._lseek   0x08002270       0x1a CMakeFiles/helloworld.dir/Core/Src/syscalls.c.obj
                0x08002270                _lseek
 *fill*         0x0800228a        0x2 
 .text.Reset_Handler
                0x0800228c       0x50 CMakeFiles/helloworld.dir/startup_stm32f446xx.s.obj
                0x0800228c                Reset_Handler
 .text.Default_Handler
                0x080022dc        0x2 CMakeFiles/helloworld.dir/startup_stm32f446xx.s.obj
                0x080022dc                RTC_Alarm_IRQHandler
                0x080022dc                EXTI2_IRQHandler
                0x080022dc                TIM8_CC_IRQHandler
                0x080022dc                FMPI2C1_EV_IRQHandler
                0x080022dc                SPI4_IRQHandler
                0x080022dc                TIM1_CC_IRQHandler
                0x080022dc                DMA2_Stream5_IRQHandler
                0x080022dc                DMA1_Stream5_IRQHandler
                0x080022dc                PVD_IRQHandler
                0x080022dc                SDIO_IRQHandler
                0x080022dc                TAMP_STAMP_IRQHandler
                0x080022dc                CAN2_RX1_IRQHandler
                0x080022dc                EXTI3_IRQHandler
                0x080022dc                TIM8_TRG_COM_TIM14_IRQHandler
                0x080022dc                TIM1_UP_TIM10_IRQHandler
                0x080022dc                TIM8_UP_TIM13_IRQHandler
                0x080022dc                I2C3_ER_IRQHandler
                0x080022dc                EXTI0_IRQHandler
                0x080022dc                I2C2_EV_IRQHandler
                0x080022dc                DMA1_Stream2_IRQHandler
                0x080022dc                CAN1_RX0_IRQHandler
                0x080022dc                FPU_IRQHandler
                0x080022dc                OTG_HS_WKUP_IRQHandler
                0x080022dc                CAN2_SCE_IRQHandler
                0x080022dc                DMA2_Stream2_IRQHandler
                0x080022dc                SPI1_IRQHandler
                0x080022dc                TIM6_DAC_IRQHandler
                0x080022dc                TIM1_BRK_TIM9_IRQHandler
                0x080022dc                DCMI_IRQHandler
                0x080022dc                CAN2_RX0_IRQHandler
                0x080022dc                DMA2_Stream3_IRQHandler
                0x080022dc                SAI2_IRQHandler
                0x080022dc                USART6_IRQHandler
                0x080022dc                USART3_IRQHandler
                0x080022dc                CAN1_RX1_IRQHandler
                0x080022dc                UART5_IRQHandler
                0x080022dc                DMA2_Stream0_IRQHandler
                0x080022dc                TIM4_IRQHandler
                0x080022dc                QUADSPI_IRQHandler
                0x080022dc                I2C1_EV_IRQHandler
                0x080022dc                DMA1_Stream6_IRQHandler
                0x080022dc                DMA1_Stream1_IRQHandler
                0x080022dc                UART4_IRQHandler
                0x080022dc                TIM3_IRQHandler
                0x080022dc                RCC_IRQHandler
                0x080022dc                TIM8_BRK_TIM12_IRQHandler
                0x080022dc                Default_Handler
                0x080022dc                CEC_IRQHandler
                0x080022dc                EXTI15_10_IRQHandler
                0x080022dc                ADC_IRQHandler
                0x080022dc                DMA1_Stream7_IRQHandler
                0x080022dc                TIM7_IRQHandler
                0x080022dc                CAN2_TX_IRQHandler
                0x080022dc                TIM5_IRQHandler
                0x080022dc                DMA2_Stream7_IRQHandler
                0x080022dc                I2C3_EV_IRQHandler
                0x080022dc                EXTI9_5_IRQHandler
                0x080022dc                RTC_WKUP_IRQHandler
                0x080022dc                SPDIF_RX_IRQHandler
                0x080022dc                SPI2_IRQHandler
                0x080022dc                OTG_HS_EP1_IN_IRQHandler
                0x080022dc                DMA1_Stream0_IRQHandler
                0x080022dc                CAN1_TX_IRQHandler
                0x080022dc                FMPI2C1_ER_IRQHandler
                0x080022dc                EXTI4_IRQHandler
                0x080022dc                OTG_HS_EP1_OUT_IRQHandler
                0x080022dc                WWDG_IRQHandler
                0x080022dc                TIM2_IRQHandler
                0x080022dc                OTG_FS_WKUP_IRQHandler
                0x080022dc                TIM1_TRG_COM_TIM11_IRQHandler
                0x080022dc                OTG_HS_IRQHandler
                0x080022dc                EXTI1_IRQHandler
                0x080022dc                USART2_IRQHandler
                0x080022dc                I2C2_ER_IRQHandler
                0x080022dc                DMA2_Stream1_IRQHandler
                0x080022dc                CAN1_SCE_IRQHandler
                0x080022dc                FLASH_IRQHandler
                0x080022dc                DMA2_Stream4_IRQHandler
                0x080022dc                USART1_IRQHandler
                0x080022dc                OTG_FS_IRQHandler
                0x080022dc                SPI3_IRQHandler
                0x080022dc                DMA1_Stream4_IRQHandler
                0x080022dc                I2C1_ER_IRQHandler
                0x080022dc                FMC_IRQHandler
                0x080022dc                DMA2_Stream6_IRQHandler
                0x080022dc                SAI1_IRQHandler
                0x080022dc                DMA1_Stream3_IRQHandler
 *fill*         0x080022de        0x2 
 .text.std      0x080022e0       0x6c C:/ST/STM32CubeCLT_1.19.0/GNU-tools-for-STM32/bin/../lib/gcc/arm-none-eabi/13.3.1/../../../../arm-none-eabi/lib/thumb/v7e-m+fp/hard\libg_nano.a(libc_a-findfp.o)
 .text.stdio_exit_handler
                0x0800234c       0x18 C:/ST/STM32CubeCLT_1.19.0/GNU-tools-for-STM32/bin/../lib/gcc/arm-none-eabi/13.3.1/../../../../arm-none-eabi/lib/thumb/v7e-m+fp/hard\libg_nano.a(libc_a-findfp.o)
 .text.cleanup_stdio
                0x08002364       0x40 C:/ST/STM32CubeCLT_1.19.0/GNU-tools-for-STM32/bin/../lib/gcc/arm-none-eabi/13.3.1/../../../../arm-none-eabi/lib/thumb/v7e-m+fp/hard\libg_nano.a(libc_a-findfp.o)
 .text.global_stdio_init.part.0
                0x080023a4       0x3c C:/ST/STM32CubeCLT_1.19.0/GNU-tools-for-STM32/bin/../lib/gcc/arm-none-eabi/13.3.1/../../../../arm-none-eabi/lib/thumb/v7e-m+fp/hard\libg_nano.a(libc_a-findfp.o)
 .text.__sfp_lock_acquire
                0x080023e0        0xc C:/ST/STM32CubeCLT_1.19.0/GNU-tools-for-STM32/bin/../lib/gcc/arm-none-eabi/13.3.1/../../../../arm-none-eabi/lib/thumb/v7e-m+fp/hard\libg_nano.a(libc_a-findfp.o)
                0x080023e0                __sfp_lock_acquire
 .text.__sfp_lock_release
                0x080023ec        0xc C:/ST/STM32CubeCLT_1.19.0/GNU-tools-for-STM32/bin/../lib/gcc/arm-none-eabi/13.3.1/../../../../arm-none-eabi/lib/thumb/v7e-m+fp/hard\libg_nano.a(libc_a-findfp.o)
                0x080023ec                __sfp_lock_release
 .text.__sinit  0x080023f8       0x30 C:/ST/STM32CubeCLT_1.19.0/GNU-tools-for-STM32/bin/../lib/gcc/arm-none-eabi/13.3.1/../../../../arm-none-eabi/lib/thumb/v7e-m+fp/hard\libg_nano.a(libc_a-findfp.o)
                0x080023f8                __sinit
 .text._fwalk_sglue
                0x08002428       0x3c C:/ST/STM32CubeCLT_1.19.0/GNU-tools-for-STM32/bin/../lib/gcc/arm-none-eabi/13.3.1/../../../../arm-none-eabi/lib/thumb/v7e-m+fp/hard\libg_nano.a(libc_a-fwalk.o)
                0x08002428                _fwalk_sglue
 .text.printf   0x08002464       0x24 C:/ST/STM32CubeCLT_1.19.0/GNU-tools-for-STM32/bin/../lib/gcc/arm-none-eabi/13.3.1/../../../../arm-none-eabi/lib/thumb/v7e-m+fp/hard\libg_nano.a(libc_a-printf.o)
                0x08002464                iprintf
                0x08002464                printf
 .text.__sread  0x08002488       0x22 C:/ST/STM32CubeCLT_1.19.0/GNU-tools-for-STM32/bin/../lib/gcc/arm-none-eabi/13.3.1/../../../../arm-none-eabi/lib/thumb/v7e-m+fp/hard\libg_nano.a(libc_a-stdio.o)
                0x08002488                __sread
 .text.__swrite
                0x080024aa       0x38 C:/ST/STM32CubeCLT_1.19.0/GNU-tools-for-STM32/bin/../lib/gcc/arm-none-eabi/13.3.1/../../../../arm-none-eabi/lib/thumb/v7e-m+fp/hard\libg_nano.a(libc_a-stdio.o)
                0x080024aa                __swrite
 .text.__sseek  0x080024e2       0x24 C:/ST/STM32CubeCLT_1.19.0/GNU-tools-for-STM32/bin/../lib/gcc/arm-none-eabi/13.3.1/../../../../arm-none-eabi/lib/thumb/v7e-m+fp/hard\libg_nano.a(libc_a-stdio.o)
                0x080024e2                __sseek
 .text.__sclose
                0x08002506        0x8 C:/ST/STM32CubeCLT_1.19.0/GNU-tools-for-STM32/bin/../lib/gcc/arm-none-eabi/13.3.1/../../../../arm-none-eabi/lib/thumb/v7e-m+fp/hard\libg_nano.a(libc_a-stdio.o)
                0x08002506                __sclose
 .text.memset   0x0800250e       0x10 C:/ST/STM32CubeCLT_1.19.0/GNU-tools-for-STM32/bin/../lib/gcc/arm-none-eabi/13.3.1/../../../../arm-none-eabi/lib/thumb/v7e-m+fp/hard\libg_nano.a(libc_a-memset.o)
                0x0800250e                memset
 *fill*         0x0800251e        0x2 
 .text._close_r
                0x08002520       0x20 C:/ST/STM32CubeCLT_1.19.0/GNU-tools-for-STM32/bin/../lib/gcc/arm-none-eabi/13.3.1/../../../../arm-none-eabi/lib/thumb/v7e-m+fp/hard\libg_nano.a(libc_a-closer.o)
                0x08002520                _close_r
 .text._lseek_r
                0x08002540       0x24 C:/ST/STM32CubeCLT_1.19.0/GNU-tools-for-STM32/bin/../lib/gcc/arm-none-eabi/13.3.1/../../../../arm-none-eabi/lib/thumb/v7e-m+fp/hard\libg_nano.a(libc_a-lseekr.o)
                0x08002540                _lseek_r
 .text._read_r  0x08002564       0x24 C:/ST/STM32CubeCLT_1.19.0/GNU-tools-for-STM32/bin/../lib/gcc/arm-none-eabi/13.3.1/../../../../arm-none-eabi/lib/thumb/v7e-m+fp/hard\libg_nano.a(libc_a-readr.o)
                0x08002564                _read_r
 .text._write_r
                0x08002588       0x24 C:/ST/STM32CubeCLT_1.19.0/GNU-tools-for-STM32/bin/../lib/gcc/arm-none-eabi/13.3.1/../../../../arm-none-eabi/lib/thumb/v7e-m+fp/hard\libg_nano.a(libc_a-writer.o)
                0x08002588                _write_r
 .text.__errno  0x080025ac        0xc C:/ST/STM32CubeCLT_1.19.0/GNU-tools-for-STM32/bin/../lib/gcc/arm-none-eabi/13.3.1/../../../../arm-none-eabi/lib/thumb/v7e-m+fp/hard\libg_nano.a(libc_a-errno.o)
                0x080025ac                __errno
 .text.__libc_init_array
                0x080025b8       0x48 C:/ST/STM32CubeCLT_1.19.0/GNU-tools-for-STM32/bin/../lib/gcc/arm-none-eabi/13.3.1/../../../../arm-none-eabi/lib/thumb/v7e-m+fp/hard\libg_nano.a(libc_a-init.o)
                0x080025b8                __libc_init_array
 .text.__retarget_lock_init_recursive
                0x08002600        0x2 C:/ST/STM32CubeCLT_1.19.0/GNU-tools-for-STM32/bin/../lib/gcc/arm-none-eabi/13.3.1/../../../../arm-none-eabi/lib/thumb/v7e-m+fp/hard\libg_nano.a(libc_a-lock.o)
                0x08002600                __retarget_lock_init_recursive
 .text.__retarget_lock_acquire_recursive
                0x08002602        0x2 C:/ST/STM32CubeCLT_1.19.0/GNU-tools-for-STM32/bin/../lib/gcc/arm-none-eabi/13.3.1/../../../../arm-none-eabi/lib/thumb/v7e-m+fp/hard\libg_nano.a(libc_a-lock.o)
                0x08002602                __retarget_lock_acquire_recursive
 .text.__retarget_lock_release_recursive
                0x08002604        0x2 C:/ST/STM32CubeCLT_1.19.0/GNU-tools-for-STM32/bin/../lib/gcc/arm-none-eabi/13.3.1/../../../../arm-none-eabi/lib/thumb/v7e-m+fp/hard\libg_nano.a(libc_a-lock.o)
                0x08002604                __retarget_lock_release_recursive
 *fill*         0x08002606        0x2 
 .text._free_r  0x08002608       0x94 C:/ST/STM32CubeCLT_1.19.0/GNU-tools-for-STM32/bin/../lib/gcc/arm-none-eabi/13.3.1/../../../../arm-none-eabi/lib/thumb/v7e-m+fp/hard\libg_nano.a(libc_a-freer.o)
                0x08002608                _free_r
 .text.sbrk_aligned
                0x0800269c       0x44 C:/ST/STM32CubeCLT_1.19.0/GNU-tools-for-STM32/bin/../lib/gcc/arm-none-eabi/13.3.1/../../../../arm-none-eabi/lib/thumb/v7e-m+fp/hard\libg_nano.a(libc_a-mallocr.o)
 .text._malloc_r
                0x080026e0      0x100 C:/ST/STM32CubeCLT_1.19.0/GNU-tools-for-STM32/bin/../lib/gcc/arm-none-eabi/13.3.1/../../../../arm-none-eabi/lib/thumb/v7e-m+fp/hard\libg_nano.a(libc_a-mallocr.o)
                0x080026e0                _malloc_r
 .text.__malloc_lock
                0x080027e0        0xc C:/ST/STM32CubeCLT_1.19.0/GNU-tools-for-STM32/bin/../lib/gcc/arm-none-eabi/13.3.1/../../../../arm-none-eabi/lib/thumb/v7e-m+fp/hard\libg_nano.a(libc_a-mlock.o)
                0x080027e0                __malloc_lock
 .text.__malloc_unlock
                0x080027ec        0xc C:/ST/STM32CubeCLT_1.19.0/GNU-tools-for-STM32/bin/../lib/gcc/arm-none-eabi/13.3.1/../../../../arm-none-eabi/lib/thumb/v7e-m+fp/hard\libg_nano.a(libc_a-mlock.o)
                0x080027ec                __malloc_unlock
 .text.__sfputc_r
                0x080027f8       0x2e C:/ST/STM32CubeCLT_1.19.0/GNU-tools-for-STM32/bin/../lib/gcc/arm-none-eabi/13.3.1/../../../../arm-none-eabi/lib/thumb/v7e-m+fp/hard\libg_nano.a(libc_a-nano-vfprintf.o)
 .text.__sfputs_r
                0x08002826       0x24 C:/ST/STM32CubeCLT_1.19.0/GNU-tools-for-STM32/bin/../lib/gcc/arm-none-eabi/13.3.1/../../../../arm-none-eabi/lib/thumb/v7e-m+fp/hard\libg_nano.a(libc_a-nano-vfprintf.o)
                0x08002826                __sfputs_r
 *fill*         0x0800284a        0x2 
 .text._vfprintf_r
                0x0800284c      0x230 C:/ST/STM32CubeCLT_1.19.0/GNU-tools-for-STM32/bin/../lib/gcc/arm-none-eabi/13.3.1/../../../../arm-none-eabi/lib/thumb/v7e-m+fp/hard\libg_nano.a(libc_a-nano-vfprintf.o)
                0x0800284c                _vfprintf_r
                0x0800284c                _vfiprintf_r
 .text._printf_common
                0x08002a7c       0xda C:/ST/STM32CubeCLT_1.19.0/GNU-tools-for-STM32/bin/../lib/gcc/arm-none-eabi/13.3.1/../../../../arm-none-eabi/lib/thumb/v7e-m+fp/hard\libg_nano.a(libc_a-nano-vfprintf_i.o)
                0x08002a7c                _printf_common
 *fill*         0x08002b56        0x2 
 .text._printf_i
                0x08002b58      0x23c C:/ST/STM32CubeCLT_1.19.0/GNU-tools-for-STM32/bin/../lib/gcc/arm-none-eabi/13.3.1/../../../../arm-none-eabi/lib/thumb/v7e-m+fp/hard\libg_nano.a(libc_a-nano-vfprintf_i.o)
                0x08002b58                _printf_i
 .text.__sflush_r
                0x08002d94      0x108 C:/ST/STM32CubeCLT_1.19.0/GNU-tools-for-STM32/bin/../lib/gcc/arm-none-eabi/13.3.1/../../../../arm-none-eabi/lib/thumb/v7e-m+fp/hard\libg_nano.a(libc_a-fflush.o)
                0x08002d94                __sflush_r
 .text._fflush_r
                0x08002e9c       0x50 C:/ST/STM32CubeCLT_1.19.0/GNU-tools-for-STM32/bin/../lib/gcc/arm-none-eabi/13.3.1/../../../../arm-none-eabi/lib/thumb/v7e-m+fp/hard\libg_nano.a(libc_a-fflush.o)
                0x08002e9c                _fflush_r
 .text.__swbuf_r
                0x08002eec       0x7c C:/ST/STM32CubeCLT_1.19.0/GNU-tools-for-STM32/bin/../lib/gcc/arm-none-eabi/13.3.1/../../../../arm-none-eabi/lib/thumb/v7e-m+fp/hard\libg_nano.a(libc_a-wbuf.o)
                0x08002eec                __swbuf_r
 .text.__swsetup_r
                0x08002f68       0xac C:/ST/STM32CubeCLT_1.19.0/GNU-tools-for-STM32/bin/../lib/gcc/arm-none-eabi/13.3.1/../../../../arm-none-eabi/lib/thumb/v7e-m+fp/hard\libg_nano.a(libc_a-wsetup.o)
                0x08002f68                __swsetup_r
 .text._sbrk_r  0x08003014       0x20 C:/ST/STM32CubeCLT_1.19.0/GNU-tools-for-STM32/bin/../lib/gcc/arm-none-eabi/13.3.1/../../../../arm-none-eabi/lib/thumb/v7e-m+fp/hard\libg_nano.a(libc_a-sbrkr.o)
                0x08003014                _sbrk_r
 .text.__swhatbuf_r
                0x08003034       0x4c C:/ST/STM32CubeCLT_1.19.0/GNU-tools-for-STM32/bin/../lib/gcc/arm-none-eabi/13.3.1/../../../../arm-none-eabi/lib/thumb/v7e-m+fp/hard\libg_nano.a(libc_a-makebuf.o)
                0x08003034                __swhatbuf_r
 .text.__smakebuf_r
                0x08003080       0x78 C:/ST/STM32CubeCLT_1.19.0/GNU-tools-for-STM32/bin/../lib/gcc/arm-none-eabi/13.3.1/../../../../arm-none-eabi/lib/thumb/v7e-m+fp/hard\libg_nano.a(libc_a-makebuf.o)
                0x08003080                __smakebuf_r
 .text._fstat_r
                0x080030f8       0x24 C:/ST/STM32CubeCLT_1.19.0/GNU-tools-for-STM32/bin/../lib/gcc/arm-none-eabi/13.3.1/../../../../arm-none-eabi/lib/thumb/v7e-m+fp/hard\libg_nano.a(libc_a-fstatr.o)
                0x080030f8                _fstat_r
 .text._isatty_r
                0x0800311c       0x20 C:/ST/STM32CubeCLT_1.19.0/GNU-tools-for-STM32/bin/../lib/gcc/arm-none-eabi/13.3.1/../../../../arm-none-eabi/lib/thumb/v7e-m+fp/hard\libg_nano.a(libc_a-isattyr.o)
                0x0800311c                _isatty_r
 *(.glue_7)
 .glue_7        0x0800313c        0x0 linker stubs
 *(.glue_7t)
 .glue_7t       0x0800313c        0x0 linker stubs
 *(.eh_frame)
 .eh_frame      0x0800313c        0x0 C:/ST/STM32CubeCLT_1.19.0/GNU-tools-for-STM32/bin/../lib/gcc/arm-none-eabi/13.3.1/thumb/v7e-m+fp/hard/crtbegin.o
 *(.init)
 .init          0x0800313c        0x4 C:/ST/STM32CubeCLT_1.19.0/GNU-tools-for-STM32/bin/../lib/gcc/arm-none-eabi/13.3.1/thumb/v7e-m+fp/hard/crti.o
                0x0800313c                _init
 .init          0x08003140        0x8 C:/ST/STM32CubeCLT_1.19.0/GNU-tools-for-STM32/bin/../lib/gcc/arm-none-eabi/13.3.1/thumb/v7e-m+fp/hard/crtn.o
 *(.fini)
 .fini          0x08003148        0x4 C:/ST/STM32CubeCLT_1.19.0/GNU-tools-for-STM32/bin/../lib/gcc/arm-none-eabi/13.3.1/thumb/v7e-m+fp/hard/crti.o
                0x08003148                _fini
 .fini          0x0800314c        0x8 C:/ST/STM32CubeCLT_1.19.0/GNU-tools-for-STM32/bin/../lib/gcc/arm-none-eabi/13.3.1/thumb/v7e-m+fp/hard/crtn.o
                0x08003154                        . = ALIGN (0x4)
                0x08003154                        _etext = .

.vfp11_veneer   0x08003154        0x0
 .vfp11_veneer  0x08003154        0x0 linker stubs

.v4_bx          0x08003154        0x0
 .v4_bx         0x08003154        0x0 linker stubs

.iplt           0x08003154        0x0
 .iplt          0x08003154        0x0 C:/ST/STM32CubeCLT_1.19.0/GNU-tools-for-STM32/bin/../lib/gcc/arm-none-eabi/13.3.1/thumb/v7e-m+fp/hard/crtbegin.o

.rodata         0x08003154       0x5c
                0x08003154                        . = ALIGN (0x4)
 *(.rodata)
 .rodata        0x08003154       0x10 CMakeFiles/helloworld.dir/Core/Src/main.c.obj
 *(.rodata*)
 .rodata.AHBPrescTable
                0x08003164       0x10 cmake/stm32cubemx/CMakeFiles/STM32_Drivers.dir/__/__/Core/Src/system_stm32f4xx.c.obj
                0x08003164                AHBPrescTable
 .rodata.APBPrescTable
                0x08003174        0x8 cmake/stm32cubemx/CMakeFiles/STM32_Drivers.dir/__/__/Core/Src/system_stm32f4xx.c.obj
                0x08003174                APBPrescTable
 .rodata._vfprintf_r.str1.1
                0x0800317c       0x33 C:/ST/STM32CubeCLT_1.19.0/GNU-tools-for-STM32/bin/../lib/gcc/arm-none-eabi/13.3.1/../../../../arm-none-eabi/lib/thumb/v7e-m+fp/hard\libg_nano.a(libc_a-nano-vfprintf.o)
                                 0x11 (size before relaxing)
 .rodata._printf_i.str1.1
                0x080031af       0x22 C:/ST/STM32CubeCLT_1.19.0/GNU-tools-for-STM32/bin/../lib/gcc/arm-none-eabi/13.3.1/../../../../arm-none-eabi/lib/thumb/v7e-m+fp/hard\libg_nano.a(libc_a-nano-vfprintf_i.o)
                0x080031d4                        . = ALIGN (0x4)
 *fill*         0x080031af        0x1 

.ARM.extab      0x080031b0        0x0
                0x080031b0                        . = ALIGN (0x4)
 *(.ARM.extab* .gnu.linkonce.armextab.*)
                0x080031b0                        . = ALIGN (0x4)

.ARM            0x080031b0        0x8
                0x080031b0                        . = ALIGN (0x4)
                0x080031b0                        __exidx_start = .
 *(.ARM.exidx*)
 .ARM.exidx     0x080031b0        0x8 C:/ST/STM32CubeCLT_1.19.0/GNU-tools-for-STM32/bin/../lib/gcc/arm-none-eabi/13.3.1/thumb/v7e-m+fp/hard\libgcc.a(_udivmoddi4.o)
 .ARM.exidx     0x080031b8        0x0 C:/ST/STM32CubeCLT_1.19.0/GNU-tools-for-STM32/bin/../lib/gcc/arm-none-eabi/13.3.1/../../../../arm-none-eabi/lib/thumb/v7e-m+fp/hard\libg_nano.a(libc_a-memchr.o)
                                  0x8 (size before relaxing)
                0x080031b8                        __exidx_end = .
                0x080031b8                        . = ALIGN (0x4)

.preinit_array  0x080031b8        0x0
                0x080031b8                        . = ALIGN (0x4)
                0x080031b8                        PROVIDE (__preinit_array_start = .)
 *(.preinit_array*)
                0x080031b8                        PROVIDE (__preinit_array_end = .)
                0x080031b8                        . = ALIGN (0x4)

.init_array     0x080031b8        0x4
                0x080031b8                        . = ALIGN (0x4)
                0x080031b8                        PROVIDE (__init_array_start = .)
 *(SORT_BY_NAME(.init_array.*))
 *(.init_array*)
 .init_array    0x080031b8        0x4 C:/ST/STM32CubeCLT_1.19.0/GNU-tools-for-STM32/bin/../lib/gcc/arm-none-eabi/13.3.1/thumb/v7e-m+fp/hard/crtbegin.o
                0x080031bc                        PROVIDE (__init_array_end = .)
                0x080031bc                        . = ALIGN (0x4)

.fini_array     0x080031bc        0x4
                0x080031bc                        . = ALIGN (0x4)
                [!provide]                        PROVIDE (__fini_array_start = .)
 *(SORT_BY_NAME(.fini_array.*))
 *(.fini_array*)
 .fini_array    0x080031bc        0x4 C:/ST/STM32CubeCLT_1.19.0/GNU-tools-for-STM32/bin/../lib/gcc/arm-none-eabi/13.3.1/thumb/v7e-m+fp/hard/crtbegin.o
                [!provide]                        PROVIDE (__fini_array_end = .)
                0x080031c0                        . = ALIGN (0x4)
                0x080031c0                        _sidata = LOADADDR (.data)

.rel.dyn        0x080031c0        0x0
 .rel.iplt      0x080031c0        0x0 C:/ST/STM32CubeCLT_1.19.0/GNU-tools-for-STM32/bin/../lib/gcc/arm-none-eabi/13.3.1/thumb/v7e-m+fp/hard/crtbegin.o

.data           0x20000000       0x68 load address 0x080031c0
                0x20000000                        . = ALIGN (0x4)
                0x20000000                        _sdata = .
 *(.data)
 *(.data*)
 .data.SystemCoreClock
                0x20000000        0x4 cmake/stm32cubemx/CMakeFiles/STM32_Drivers.dir/__/__/Core/Src/system_stm32f4xx.c.obj
                0x20000000                SystemCoreClock
 .data.uwTickPrio
                0x20000004        0x4 cmake/stm32cubemx/CMakeFiles/STM32_Drivers.dir/__/__/Drivers/STM32F4xx_HAL_Driver/Src/stm32f4xx_hal.c.obj
                0x20000004                uwTickPrio
 .data.uwTickFreq
                0x20000008        0x1 cmake/stm32cubemx/CMakeFiles/STM32_Drivers.dir/__/__/Drivers/STM32F4xx_HAL_Driver/Src/stm32f4xx_hal.c.obj
                0x20000008                uwTickFreq
 *fill*         0x20000009        0x3 
 .data.__sglue  0x2000000c        0xc C:/ST/STM32CubeCLT_1.19.0/GNU-tools-for-STM32/bin/../lib/gcc/arm-none-eabi/13.3.1/../../../../arm-none-eabi/lib/thumb/v7e-m+fp/hard\libg_nano.a(libc_a-findfp.o)
                0x2000000c                __sglue
 .data._impure_ptr
                0x20000018        0x4 C:/ST/STM32CubeCLT_1.19.0/GNU-tools-for-STM32/bin/../lib/gcc/arm-none-eabi/13.3.1/../../../../arm-none-eabi/lib/thumb/v7e-m+fp/hard\libg_nano.a(libc_a-impure.o)
                0x20000018                _impure_ptr
 .data._impure_data
                0x2000001c       0x4c C:/ST/STM32CubeCLT_1.19.0/GNU-tools-for-STM32/bin/../lib/gcc/arm-none-eabi/13.3.1/../../../../arm-none-eabi/lib/thumb/v7e-m+fp/hard\libg_nano.a(libc_a-impure.o)
                0x2000001c                _impure_data
 *(.RamFunc)
 *(.RamFunc*)
                0x20000068                        . = ALIGN (0x4)

.igot.plt       0x20000068        0x0 load address 0x08003228
 .igot.plt      0x20000068        0x0 C:/ST/STM32CubeCLT_1.19.0/GNU-tools-for-STM32/bin/../lib/gcc/arm-none-eabi/13.3.1/thumb/v7e-m+fp/hard/crtbegin.o

.tdata          0x20000068        0x0 load address 0x08003228
 *(.tdata .tdata.* .gnu.linkonce.td.*)
                0x20000068                        . = ALIGN (0x4)
                0x20000068                        _edata = .
                [!provide]                        PROVIDE (__data_end = .)
                [!provide]                        PROVIDE (__tdata_end = .)
                [!provide]                        PROVIDE (__tdata_start = ADDR (.tdata))
                [!provide]                        PROVIDE (__tdata_size = (__tdata_end - __tdata_start))
                [!provide]                        PROVIDE (__data_start = ADDR (.data))
                [!provide]                        PROVIDE (__data_size = (__data_end - __data_start))
                [!provide]                        PROVIDE (__tdata_source = LOADADDR (.tdata))
                [!provide]                        PROVIDE (__tdata_source_end = (LOADADDR (.tdata) + SIZEOF (.tdata)))
                [!provide]                        PROVIDE (__tdata_source_size = (__tdata_source_end - __tdata_source))
                [!provide]                        PROVIDE (__data_source = LOADADDR (.data))
                [!provide]                        PROVIDE (__data_source_end = __tdata_source_end)
                [!provide]                        PROVIDE (__data_source_size = (__data_source_end - __data_source))

.tbss           0x20000068        0x0 load address 0x08003228
                0x20000068                        _sbss = .
                0x20000068                        __bss_start__ = _sbss
 *(.tbss .tbss.*)
                0x20000068                        . = ALIGN (0x4)
                [!provide]                        PROVIDE (__tbss_end = .)
                [!provide]                        PROVIDE (__tbss_start = ADDR (.tbss))
                [!provide]                        PROVIDE (__tbss_size = (__tbss_end - __tbss_start))
                [!provide]                        PROVIDE (__tbss_offset = (ADDR (.tbss) - ADDR (.tdata)))
                [!provide]                        PROVIDE (__tls_base = __tdata_start)
                [!provide]                        PROVIDE (__tls_end = __tbss_end)
                [!provide]                        PROVIDE (__tls_size = (__tls_end - __tls_base))
                [!provide]                        PROVIDE (__tls_align = MAX (ALIGNOF (.tdata), ALIGNOF (.tbss)))
                [!provide]                        PROVIDE (__tls_size_align = (((__tls_size + __tls_align) - 0x1) & ~ ((__tls_align - 0x1))))
                [!provide]                        PROVIDE (__arm32_tls_tcb_offset = MAX (0x8, __tls_align))
                [!provide]                        PROVIDE (__arm64_tls_tcb_offset = MAX (0x10, __tls_align))

.bss            0x20000068      0x1b8 load address 0x08003228
 *(.bss)
 .bss           0x20000068       0x1c C:/ST/STM32CubeCLT_1.19.0/GNU-tools-for-STM32/bin/../lib/gcc/arm-none-eabi/13.3.1/thumb/v7e-m+fp/hard/crtbegin.o
 *(.bss*)
 .bss.uwTick    0x20000084        0x4 cmake/stm32cubemx/CMakeFiles/STM32_Drivers.dir/__/__/Drivers/STM32F4xx_HAL_Driver/Src/stm32f4xx_hal.c.obj
                0x20000084                uwTick
 .bss.huart2    0x20000088       0x48 CMakeFiles/helloworld.dir/Core/Src/main.c.obj
                0x20000088                huart2
 .bss.__sbrk_heap_end
                0x200000d0        0x4 CMakeFiles/helloworld.dir/Core/Src/sysmem.c.obj
 .bss.__sf      0x200000d4      0x138 C:/ST/STM32CubeCLT_1.19.0/GNU-tools-for-STM32/bin/../lib/gcc/arm-none-eabi/13.3.1/../../../../arm-none-eabi/lib/thumb/v7e-m+fp/hard\libg_nano.a(libc_a-findfp.o)
                0x200000d4                __sf
 .bss.__stdio_exit_handler
                0x2000020c        0x4 C:/ST/STM32CubeCLT_1.19.0/GNU-tools-for-STM32/bin/../lib/gcc/arm-none-eabi/13.3.1/../../../../arm-none-eabi/lib/thumb/v7e-m+fp/hard\libg_nano.a(libc_a-findfp.o)
                0x2000020c                __stdio_exit_handler
 .bss.errno     0x20000210        0x4 C:/ST/STM32CubeCLT_1.19.0/GNU-tools-for-STM32/bin/../lib/gcc/arm-none-eabi/13.3.1/../../../../arm-none-eabi/lib/thumb/v7e-m+fp/hard\libg_nano.a(libc_a-reent.o)
                0x20000210                errno
 .bss.__lock___malloc_recursive_mutex
                0x20000214        0x1 C:/ST/STM32CubeCLT_1.19.0/GNU-tools-for-STM32/bin/../lib/gcc/arm-none-eabi/13.3.1/../../../../arm-none-eabi/lib/thumb/v7e-m+fp/hard\libg_nano.a(libc_a-lock.o)
                0x20000214                __lock___malloc_recursive_mutex
 .bss.__lock___sfp_recursive_mutex
                0x20000215        0x1 C:/ST/STM32CubeCLT_1.19.0/GNU-tools-for-STM32/bin/../lib/gcc/arm-none-eabi/13.3.1/../../../../arm-none-eabi/lib/thumb/v7e-m+fp/hard\libg_nano.a(libc_a-lock.o)
                0x20000215                __lock___sfp_recursive_mutex
 *fill*         0x20000216        0x2 
 .bss.__malloc_sbrk_start
                0x20000218        0x4 C:/ST/STM32CubeCLT_1.19.0/GNU-tools-for-STM32/bin/../lib/gcc/arm-none-eabi/13.3.1/../../../../arm-none-eabi/lib/thumb/v7e-m+fp/hard\libg_nano.a(libc_a-mallocr.o)
                0x20000218                __malloc_sbrk_start
 .bss.__malloc_free_list
                0x2000021c        0x4 C:/ST/STM32CubeCLT_1.19.0/GNU-tools-for-STM32/bin/../lib/gcc/arm-none-eabi/13.3.1/../../../../arm-none-eabi/lib/thumb/v7e-m+fp/hard\libg_nano.a(libc_a-mallocr.o)
                0x2000021c                __malloc_free_list
 *(COMMON)
                0x20000220                        . = ALIGN (0x4)
                0x20000220                        _ebss = .
                0x20000220                        __bss_end__ = _ebss
                [!provide]                        PROVIDE (__bss_end = .)
                [!provide]                        PROVIDE (__non_tls_bss_start = ADDR (.bss))
                [!provide]                        PROVIDE (__bss_start = __tbss_start)
                [!provide]                        PROVIDE (__bss_size = (__bss_end - __bss_start))

._user_heap_stack
                0x20000220      0x600 load address 0x08003228
                0x20000220                        . = ALIGN (0x8)
                [!provide]                        PROVIDE (end = .)
                0x20000220                        PROVIDE (_end = .)
                0x20000420                        . = (. + _Min_Heap_Size)
 *fill*         0x20000220      0x200 
                0x20000820                        . = (. + _Min_Stack_Size)
 *fill*         0x20000420      0x400 
                0x20000820                        . = ALIGN (0x8)

/DISCARD/
 libc.a:*(*)
 libm.a:*(*)
 libgcc.a:*(*)
OUTPUT(helloworld.elf elf32-littlearm)
LOAD linker stubs

.ARM.attributes
                0x00000000       0x30
 .ARM.attributes
                0x00000000       0x22 C:/ST/STM32CubeCLT_1.19.0/GNU-tools-for-STM32/bin/../lib/gcc/arm-none-eabi/13.3.1/thumb/v7e-m+fp/hard/crti.o
 .ARM.attributes
                0x00000022       0x34 C:/ST/STM32CubeCLT_1.19.0/GNU-tools-for-STM32/bin/../lib/gcc/arm-none-eabi/13.3.1/thumb/v7e-m+fp/hard/crtbegin.o
 .ARM.attributes
                0x00000056       0x34 cmake/stm32cubemx/CMakeFiles/STM32_Drivers.dir/__/__/Core/Src/system_stm32f4xx.c.obj
 .ARM.attributes
                0x0000008a       0x34 cmake/stm32cubemx/CMakeFiles/STM32_Drivers.dir/__/__/Drivers/STM32F4xx_HAL_Driver/Src/stm32f4xx_hal_uart.c.obj
 .ARM.attributes
                0x000000be       0x34 cmake/stm32cubemx/CMakeFiles/STM32_Drivers.dir/__/__/Drivers/STM32F4xx_HAL_Driver/Src/stm32f4xx_hal_rcc.c.obj
 .ARM.attributes
                0x000000f2       0x34 cmake/stm32cubemx/CMakeFiles/STM32_Drivers.dir/__/__/Drivers/STM32F4xx_HAL_Driver/Src/stm32f4xx_hal_rcc_ex.c.obj
 .ARM.attributes
                0x00000126       0x34 cmake/stm32cubemx/CMakeFiles/STM32_Drivers.dir/__/__/Drivers/STM32F4xx_HAL_Driver/Src/stm32f4xx_hal_gpio.c.obj
 .ARM.attributes
                0x0000015a       0x34 cmake/stm32cubemx/CMakeFiles/STM32_Drivers.dir/__/__/Drivers/STM32F4xx_HAL_Driver/Src/stm32f4xx_hal_cortex.c.obj
 .ARM.attributes
                0x0000018e       0x34 cmake/stm32cubemx/CMakeFiles/STM32_Drivers.dir/__/__/Drivers/STM32F4xx_HAL_Driver/Src/stm32f4xx_hal.c.obj
 .ARM.attributes
                0x000001c2       0x34 CMakeFiles/helloworld.dir/Core/Src/main.c.obj
 .ARM.attributes
                0x000001f6       0x34 CMakeFiles/helloworld.dir/Core/Src/stm32f4xx_it.c.obj
 .ARM.attributes
                0x0000022a       0x34 CMakeFiles/helloworld.dir/Core/Src/stm32f4xx_hal_msp.c.obj
 .ARM.attributes
                0x0000025e       0x34 CMakeFiles/helloworld.dir/Core/Src/sysmem.c.obj
 .ARM.attributes
                0x00000292       0x34 CMakeFiles/helloworld.dir/Core/Src/syscalls.c.obj
 .ARM.attributes
                0x000002c6       0x21 CMakeFiles/helloworld.dir/startup_stm32f446xx.s.obj
 .ARM.attributes
                0x000002e7       0x22 C:/ST/STM32CubeCLT_1.19.0/GNU-tools-for-STM32/bin/../lib/gcc/arm-none-eabi/13.3.1/thumb/v7e-m+fp/hard\libgcc.a(_aeabi_uldivmod.o)
 .ARM.attributes
                0x00000309       0x34 C:/ST/STM32CubeCLT_1.19.0/GNU-tools-for-STM32/bin/../lib/gcc/arm-none-eabi/13.3.1/thumb/v7e-m+fp/hard\libgcc.a(_udivmoddi4.o)
 .ARM.attributes
                0x0000033d       0x22 C:/ST/STM32CubeCLT_1.19.0/GNU-tools-for-STM32/bin/../lib/gcc/arm-none-eabi/13.3.1/thumb/v7e-m+fp/hard\libgcc.a(_dvmd_tls.o)
 .ARM.attributes
                0x0000035f       0x34 C:/ST/STM32CubeCLT_1.19.0/GNU-tools-for-STM32/bin/../lib/gcc/arm-none-eabi/13.3.1/../../../../arm-none-eabi/lib/thumb/v7e-m+fp/hard\libg_nano.a(libc_a-findfp.o)
 .ARM.attributes
                0x00000393       0x34 C:/ST/STM32CubeCLT_1.19.0/GNU-tools-for-STM32/bin/../lib/gcc/arm-none-eabi/13.3.1/../../../../arm-none-eabi/lib/thumb/v7e-m+fp/hard\libg_nano.a(libc_a-fwalk.o)
 .ARM.attributes
                0x000003c7       0x34 C:/ST/STM32CubeCLT_1.19.0/GNU-tools-for-STM32/bin/../lib/gcc/arm-none-eabi/13.3.1/../../../../arm-none-eabi/lib/thumb/v7e-m+fp/hard\libg_nano.a(libc_a-printf.o)
 .ARM.attributes
                0x000003fb       0x34 C:/ST/STM32CubeCLT_1.19.0/GNU-tools-for-STM32/bin/../lib/gcc/arm-none-eabi/13.3.1/../../../../arm-none-eabi/lib/thumb/v7e-m+fp/hard\libg_nano.a(libc_a-stdio.o)
 .ARM.attributes
                0x0000042f       0x34 C:/ST/STM32CubeCLT_1.19.0/GNU-tools-for-STM32/bin/../lib/gcc/arm-none-eabi/13.3.1/../../../../arm-none-eabi/lib/thumb/v7e-m+fp/hard\libg_nano.a(libc_a-memset.o)
 .ARM.attributes
                0x00000463       0x34 C:/ST/STM32CubeCLT_1.19.0/GNU-tools-for-STM32/bin/../lib/gcc/arm-none-eabi/13.3.1/../../../../arm-none-eabi/lib/thumb/v7e-m+fp/hard\libg_nano.a(libc_a-closer.o)
 .ARM.attributes
                0x00000497       0x34 C:/ST/STM32CubeCLT_1.19.0/GNU-tools-for-STM32/bin/../lib/gcc/arm-none-eabi/13.3.1/../../../../arm-none-eabi/lib/thumb/v7e-m+fp/hard\libg_nano.a(libc_a-reent.o)
 .ARM.attributes
                0x000004cb       0x34 C:/ST/STM32CubeCLT_1.19.0/GNU-tools-for-STM32/bin/../lib/gcc/arm-none-eabi/13.3.1/../../../../arm-none-eabi/lib/thumb/v7e-m+fp/hard\libg_nano.a(libc_a-impure.o)
 .ARM.attributes
                0x000004ff       0x34 C:/ST/STM32CubeCLT_1.19.0/GNU-tools-for-STM32/bin/../lib/gcc/arm-none-eabi/13.3.1/../../../../arm-none-eabi/lib/thumb/v7e-m+fp/hard\libg_nano.a(libc_a-lseekr.o)
 .ARM.attributes
                0x00000533       0x34 C:/ST/STM32CubeCLT_1.19.0/GNU-tools-for-STM32/bin/../lib/gcc/arm-none-eabi/13.3.1/../../../../arm-none-eabi/lib/thumb/v7e-m+fp/hard\libg_nano.a(libc_a-readr.o)
 .ARM.attributes
                0x00000567       0x34 C:/ST/STM32CubeCLT_1.19.0/GNU-tools-for-STM32/bin/../lib/gcc/arm-none-eabi/13.3.1/../../../../arm-none-eabi/lib/thumb/v7e-m+fp/hard\libg_nano.a(libc_a-writer.o)
 .ARM.attributes
                0x0000059b       0x34 C:/ST/STM32CubeCLT_1.19.0/GNU-tools-for-STM32/bin/../lib/gcc/arm-none-eabi/13.3.1/../../../../arm-none-eabi/lib/thumb/v7e-m+fp/hard\libg_nano.a(libc_a-errno.o)
 .ARM.attributes
                0x000005cf       0x34 C:/ST/STM32CubeCLT_1.19.0/GNU-tools-for-STM32/bin/../lib/gcc/arm-none-eabi/13.3.1/../../../../arm-none-eabi/lib/thumb/v7e-m+fp/hard\libg_nano.a(libc_a-init.o)
 .ARM.attributes
                0x00000603       0x34 C:/ST/STM32CubeCLT_1.19.0/GNU-tools-for-STM32/bin/../lib/gcc/arm-none-eabi/13.3.1/../../../../arm-none-eabi/lib/thumb/v7e-m+fp/hard\libg_nano.a(libc_a-lock.o)
 .ARM.attributes
                0x00000637       0x34 C:/ST/STM32CubeCLT_1.19.0/GNU-tools-for-STM32/bin/../lib/gcc/arm-none-eabi/13.3.1/../../../../arm-none-eabi/lib/thumb/v7e-m+fp/hard\libg_nano.a(libc_a-freer.o)
 .ARM.attributes
                0x0000066b       0x34 C:/ST/STM32CubeCLT_1.19.0/GNU-tools-for-STM32/bin/../lib/gcc/arm-none-eabi/13.3.1/../../../../arm-none-eabi/lib/thumb/v7e-m+fp/hard\libg_nano.a(libc_a-mallocr.o)
 .ARM.attributes
                0x0000069f       0x34 C:/ST/STM32CubeCLT_1.19.0/GNU-tools-for-STM32/bin/../lib/gcc/arm-none-eabi/13.3.1/../../../../arm-none-eabi/lib/thumb/v7e-m+fp/hard\libg_nano.a(libc_a-mlock.o)
 .ARM.attributes
                0x000006d3       0x34 C:/ST/STM32CubeCLT_1.19.0/GNU-tools-for-STM32/bin/../lib/gcc/arm-none-eabi/13.3.1/../../../../arm-none-eabi/lib/thumb/v7e-m+fp/hard\libg_nano.a(libc_a-nano-vfprintf.o)
 .ARM.attributes
                0x00000707       0x34 C:/ST/STM32CubeCLT_1.19.0/GNU-tools-for-STM32/bin/../lib/gcc/arm-none-eabi/13.3.1/../../../../arm-none-eabi/lib/thumb/v7e-m+fp/hard\libg_nano.a(libc_a-nano-vfprintf_i.o)
 .ARM.attributes
                0x0000073b       0x34 C:/ST/STM32CubeCLT_1.19.0/GNU-tools-for-STM32/bin/../lib/gcc/arm-none-eabi/13.3.1/../../../../arm-none-eabi/lib/thumb/v7e-m+fp/hard\libg_nano.a(libc_a-fflush.o)
 .ARM.attributes
                0x0000076f       0x34 C:/ST/STM32CubeCLT_1.19.0/GNU-tools-for-STM32/bin/../lib/gcc/arm-none-eabi/13.3.1/../../../../arm-none-eabi/lib/thumb/v7e-m+fp/hard\libg_nano.a(libc_a-wbuf.o)
 .ARM.attributes
                0x000007a3       0x34 C:/ST/STM32CubeCLT_1.19.0/GNU-tools-for-STM32/bin/../lib/gcc/arm-none-eabi/13.3.1/../../../../arm-none-eabi/lib/thumb/v7e-m+fp/hard\libg_nano.a(libc_a-wsetup.o)
 .ARM.attributes
                0x000007d7       0x34 C:/ST/STM32CubeCLT_1.19.0/GNU-tools-for-STM32/bin/../lib/gcc/arm-none-eabi/13.3.1/../../../../arm-none-eabi/lib/thumb/v7e-m+fp/hard\libg_nano.a(libc_a-sbrkr.o)
 .ARM.attributes
                0x0000080b       0x1c C:/ST/STM32CubeCLT_1.19.0/GNU-tools-for-STM32/bin/../lib/gcc/arm-none-eabi/13.3.1/../../../../arm-none-eabi/lib/thumb/v7e-m+fp/hard\libg_nano.a(libc_a-memchr.o)
 .ARM.attributes
                0x00000827       0x34 C:/ST/STM32CubeCLT_1.19.0/GNU-tools-for-STM32/bin/../lib/gcc/arm-none-eabi/13.3.1/../../../../arm-none-eabi/lib/thumb/v7e-m+fp/hard\libg_nano.a(libc_a-makebuf.o)
 .ARM.attributes
                0x0000085b       0x34 C:/ST/STM32CubeCLT_1.19.0/GNU-tools-for-STM32/bin/../lib/gcc/arm-none-eabi/13.3.1/../../../../arm-none-eabi/lib/thumb/v7e-m+fp/hard\libg_nano.a(libc_a-fstatr.o)
 .ARM.attributes
                0x0000088f       0x34 C:/ST/STM32CubeCLT_1.19.0/GNU-tools-for-STM32/bin/../lib/gcc/arm-none-eabi/13.3.1/../../../../arm-none-eabi/lib/thumb/v7e-m+fp/hard\libg_nano.a(libc_a-isattyr.o)
 .ARM.attributes
                0x000008c3       0x22 C:/ST/STM32CubeCLT_1.19.0/GNU-tools-for-STM32/bin/../lib/gcc/arm-none-eabi/13.3.1/thumb/v7e-m+fp/hard/crtn.o

.comment        0x00000000       0x43
 .comment       0x00000000       0x43 cmake/stm32cubemx/CMakeFiles/STM32_Drivers.dir/__/__/Core/Src/system_stm32f4xx.c.obj
                                 0x44 (size before relaxing)
 .comment       0x00000043       0x44 cmake/stm32cubemx/CMakeFiles/STM32_Drivers.dir/__/__/Drivers/STM32F4xx_HAL_Driver/Src/stm32f4xx_hal_uart.c.obj
 .comment       0x00000043       0x44 cmake/stm32cubemx/CMakeFiles/STM32_Drivers.dir/__/__/Drivers/STM32F4xx_HAL_Driver/Src/stm32f4xx_hal_rcc.c.obj
 .comment       0x00000043       0x44 cmake/stm32cubemx/CMakeFiles/STM32_Drivers.dir/__/__/Drivers/STM32F4xx_HAL_Driver/Src/stm32f4xx_hal_rcc_ex.c.obj
 .comment       0x00000043       0x44 cmake/stm32cubemx/CMakeFiles/STM32_Drivers.dir/__/__/Drivers/STM32F4xx_HAL_Driver/Src/stm32f4xx_hal_gpio.c.obj
 .comment       0x00000043       0x44 cmake/stm32cubemx/CMakeFiles/STM32_Drivers.dir/__/__/Drivers/STM32F4xx_HAL_Driver/Src/stm32f4xx_hal_cortex.c.obj
 .comment       0x00000043       0x44 cmake/stm32cubemx/CMakeFiles/STM32_Drivers.dir/__/__/Drivers/STM32F4xx_HAL_Driver/Src/stm32f4xx_hal.c.obj
 .comment       0x00000043       0x44 CMakeFiles/helloworld.dir/Core/Src/main.c.obj
 .comment       0x00000043       0x44 CMakeFiles/helloworld.dir/Core/Src/stm32f4xx_it.c.obj
 .comment       0x00000043       0x44 CMakeFiles/helloworld.dir/Core/Src/stm32f4xx_hal_msp.c.obj
 .comment       0x00000043       0x44 CMakeFiles/helloworld.dir/Core/Src/sysmem.c.obj
 .comment       0x00000043       0x44 CMakeFiles/helloworld.dir/Core/Src/syscalls.c.obj
 .comment       0x00000043       0x44 C:/ST/STM32CubeCLT_1.19.0/GNU-tools-for-STM32/bin/../lib/gcc/arm-none-eabi/13.3.1/../../../../arm-none-eabi/lib/thumb/v7e-m+fp/hard\libg_nano.a(libc_a-findfp.o)
 .comment       0x00000043       0x44 C:/ST/STM32CubeCLT_1.19.0/GNU-tools-for-STM32/bin/../lib/gcc/arm-none-eabi/13.3.1/../../../../arm-none-eabi/lib/thumb/v7e-m+fp/hard\libg_nano.a(libc_a-fwalk.o)
 .comment       0x00000043       0x44 C:/ST/STM32CubeCLT_1.19.0/GNU-tools-for-STM32/bin/../lib/gcc/arm-none-eabi/13.3.1/../../../../arm-none-eabi/lib/thumb/v7e-m+fp/hard\libg_nano.a(libc_a-printf.o)
 .comment       0x00000043       0x44 C:/ST/STM32CubeCLT_1.19.0/GNU-tools-for-STM32/bin/../lib/gcc/arm-none-eabi/13.3.1/../../../../arm-none-eabi/lib/thumb/v7e-m+fp/hard\libg_nano.a(libc_a-stdio.o)
 .comment       0x00000043       0x44 C:/ST/STM32CubeCLT_1.19.0/GNU-tools-for-STM32/bin/../lib/gcc/arm-none-eabi/13.3.1/../../../../arm-none-eabi/lib/thumb/v7e-m+fp/hard\libg_nano.a(libc_a-memset.o)
 .comment       0x00000043       0x44 C:/ST/STM32CubeCLT_1.19.0/GNU-tools-for-STM32/bin/../lib/gcc/arm-none-eabi/13.3.1/../../../../arm-none-eabi/lib/thumb/v7e-m+fp/hard\libg_nano.a(libc_a-closer.o)
 .comment       0x00000043       0x44 C:/ST/STM32CubeCLT_1.19.0/GNU-tools-for-STM32/bin/../lib/gcc/arm-none-eabi/13.3.1/../../../../arm-none-eabi/lib/thumb/v7e-m+fp/hard\libg_nano.a(libc_a-reent.o)
 .comment       0x00000043       0x44 C:/ST/STM32CubeCLT_1.19.0/GNU-tools-for-STM32/bin/../lib/gcc/arm-none-eabi/13.3.1/../../../../arm-none-eabi/lib/thumb/v7e-m+fp/hard\libg_nano.a(libc_a-impure.o)
 .comment       0x00000043       0x44 C:/ST/STM32CubeCLT_1.19.0/GNU-tools-for-STM32/bin/../lib/gcc/arm-none-eabi/13.3.1/../../../../arm-none-eabi/lib/thumb/v7e-m+fp/hard\libg_nano.a(libc_a-lseekr.o)
 .comment       0x00000043       0x44 C:/ST/STM32CubeCLT_1.19.0/GNU-tools-for-STM32/bin/../lib/gcc/arm-none-eabi/13.3.1/../../../../arm-none-eabi/lib/thumb/v7e-m+fp/hard\libg_nano.a(libc_a-readr.o)
 .comment       0x00000043       0x44 C:/ST/STM32CubeCLT_1.19.0/GNU-tools-for-STM32/bin/../lib/gcc/arm-none-eabi/13.3.1/../../../../arm-none-eabi/lib/thumb/v7e-m+fp/hard\libg_nano.a(libc_a-writer.o)
 .comment       0x00000043       0x44 C:/ST/STM32CubeCLT_1.19.0/GNU-tools-for-STM32/bin/../lib/gcc/arm-none-eabi/13.3.1/../../../../arm-none-eabi/lib/thumb/v7e-m+fp/hard\libg_nano.a(libc_a-errno.o)
 .comment       0x00000043       0x44 C:/ST/STM32CubeCLT_1.19.0/GNU-tools-for-STM32/bin/../lib/gcc/arm-none-eabi/13.3.1/../../../../arm-none-eabi/lib/thumb/v7e-m+fp/hard\libg_nano.a(libc_a-init.o)
 .comment       0x00000043       0x44 C:/ST/STM32CubeCLT_1.19.0/GNU-tools-for-STM32/bin/../lib/gcc/arm-none-eabi/13.3.1/../../../../arm-none-eabi/lib/thumb/v7e-m+fp/hard\libg_nano.a(libc_a-lock.o)
 .comment       0x00000043       0x44 C:/ST/STM32CubeCLT_1.19.0/GNU-tools-for-STM32/bin/../lib/gcc/arm-none-eabi/13.3.1/../../../../arm-none-eabi/lib/thumb/v7e-m+fp/hard\libg_nano.a(libc_a-freer.o)
 .comment       0x00000043       0x44 C:/ST/STM32CubeCLT_1.19.0/GNU-tools-for-STM32/bin/../lib/gcc/arm-none-eabi/13.3.1/../../../../arm-none-eabi/lib/thumb/v7e-m+fp/hard\libg_nano.a(libc_a-mallocr.o)
 .comment       0x00000043       0x44 C:/ST/STM32CubeCLT_1.19.0/GNU-tools-for-STM32/bin/../lib/gcc/arm-none-eabi/13.3.1/../../../../arm-none-eabi/lib/thumb/v7e-m+fp/hard\libg_nano.a(libc_a-mlock.o)
 .comment       0x00000043       0x44 C:/ST/STM32CubeCLT_1.19.0/GNU-tools-for-STM32/bin/../lib/gcc/arm-none-eabi/13.3.1/../../../../arm-none-eabi/lib/thumb/v7e-m+fp/hard\libg_nano.a(libc_a-nano-vfprintf.o)
 .comment       0x00000043       0x44 C:/ST/STM32CubeCLT_1.19.0/GNU-tools-for-STM32/bin/../lib/gcc/arm-none-eabi/13.3.1/../../../../arm-none-eabi/lib/thumb/v7e-m+fp/hard\libg_nano.a(libc_a-nano-vfprintf_i.o)
 .comment       0x00000043       0x44 C:/ST/STM32CubeCLT_1.19.0/GNU-tools-for-STM32/bin/../lib/gcc/arm-none-eabi/13.3.1/../../../../arm-none-eabi/lib/thumb/v7e-m+fp/hard\libg_nano.a(libc_a-fflush.o)
 .comment       0x00000043       0x44 C:/ST/STM32CubeCLT_1.19.0/GNU-tools-for-STM32/bin/../lib/gcc/arm-none-eabi/13.3.1/../../../../arm-none-eabi/lib/thumb/v7e-m+fp/hard\libg_nano.a(libc_a-wbuf.o)
 .comment       0x00000043       0x44 C:/ST/STM32CubeCLT_1.19.0/GNU-tools-for-STM32/bin/../lib/gcc/arm-none-eabi/13.3.1/../../../../arm-none-eabi/lib/thumb/v7e-m+fp/hard\libg_nano.a(libc_a-wsetup.o)
 .comment       0x00000043       0x44 C:/ST/STM32CubeCLT_1.19.0/GNU-tools-for-STM32/bin/../lib/gcc/arm-none-eabi/13.3.1/../../../../arm-none-eabi/lib/thumb/v7e-m+fp/hard\libg_nano.a(libc_a-sbrkr.o)
 .comment       0x00000043       0x44 C:/ST/STM32CubeCLT_1.19.0/GNU-tools-for-STM32/bin/../lib/gcc/arm-none-eabi/13.3.1/../../../../arm-none-eabi/lib/thumb/v7e-m+fp/hard\libg_nano.a(libc_a-makebuf.o)
 .comment       0x00000043       0x44 C:/ST/STM32CubeCLT_1.19.0/GNU-tools-for-STM32/bin/../lib/gcc/arm-none-eabi/13.3.1/../../../../arm-none-eabi/lib/thumb/v7e-m+fp/hard\libg_nano.a(libc_a-fstatr.o)
 .comment       0x00000043       0x44 C:/ST/STM32CubeCLT_1.19.0/GNU-tools-for-STM32/bin/../lib/gcc/arm-none-eabi/13.3.1/../../../../arm-none-eabi/lib/thumb/v7e-m+fp/hard\libg_nano.a(libc_a-isattyr.o)

.debug_info     0x00000000    0x15d83
 .debug_info    0x00000000      0x54a cmake/stm32cubemx/CMakeFiles/STM32_Drivers.dir/__/__/Core/Src/system_stm32f4xx.c.obj
 .debug_info    0x0000054a     0x2f4f cmake/stm32cubemx/CMakeFiles/STM32_Drivers.dir/__/__/Drivers/STM32F4xx_HAL_Driver/Src/stm32f4xx_hal_uart.c.obj
 .debug_info    0x00003499      0x8ff cmake/stm32cubemx/CMakeFiles/STM32_Drivers.dir/__/__/Drivers/STM32F4xx_HAL_Driver/Src/stm32f4xx_hal_rcc.c.obj
 .debug_info    0x00003d98      0x960 cmake/stm32cubemx/CMakeFiles/STM32_Drivers.dir/__/__/Drivers/STM32F4xx_HAL_Driver/Src/stm32f4xx_hal_rcc_ex.c.obj
 .debug_info    0x000046f8      0x70b cmake/stm32cubemx/CMakeFiles/STM32_Drivers.dir/__/__/Drivers/STM32F4xx_HAL_Driver/Src/stm32f4xx_hal_gpio.c.obj
 .debug_info    0x00004e03      0xdaa cmake/stm32cubemx/CMakeFiles/STM32_Drivers.dir/__/__/Drivers/STM32F4xx_HAL_Driver/Src/stm32f4xx_hal_cortex.c.obj
 .debug_info    0x00005bad      0x99a cmake/stm32cubemx/CMakeFiles/STM32_Drivers.dir/__/__/Drivers/STM32F4xx_HAL_Driver/Src/stm32f4xx_hal.c.obj
 .debug_info    0x00006547      0xc6f CMakeFiles/helloworld.dir/Core/Src/main.c.obj
 .debug_info    0x000071b6      0x112 CMakeFiles/helloworld.dir/Core/Src/stm32f4xx_it.c.obj
 .debug_info    0x000072c8      0x92c CMakeFiles/helloworld.dir/Core/Src/stm32f4xx_hal_msp.c.obj
 .debug_info    0x00007bf4      0x168 CMakeFiles/helloworld.dir/Core/Src/sysmem.c.obj
 .debug_info    0x00007d5c      0x6b4 CMakeFiles/helloworld.dir/Core/Src/syscalls.c.obj
 .debug_info    0x00008410       0x30 CMakeFiles/helloworld.dir/startup_stm32f446xx.s.obj
 .debug_info    0x00008440      0xfb5 C:/ST/STM32CubeCLT_1.19.0/GNU-tools-for-STM32/bin/../lib/gcc/arm-none-eabi/13.3.1/../../../../arm-none-eabi/lib/thumb/v7e-m+fp/hard\libg_nano.a(libc_a-findfp.o)
 .debug_info    0x000093f5      0x7d2 C:/ST/STM32CubeCLT_1.19.0/GNU-tools-for-STM32/bin/../lib/gcc/arm-none-eabi/13.3.1/../../../../arm-none-eabi/lib/thumb/v7e-m+fp/hard\libg_nano.a(libc_a-fwalk.o)
 .debug_info    0x00009bc7      0x841 C:/ST/STM32CubeCLT_1.19.0/GNU-tools-for-STM32/bin/../lib/gcc/arm-none-eabi/13.3.1/../../../../arm-none-eabi/lib/thumb/v7e-m+fp/hard\libg_nano.a(libc_a-printf.o)
 .debug_info    0x0000a408      0xa90 C:/ST/STM32CubeCLT_1.19.0/GNU-tools-for-STM32/bin/../lib/gcc/arm-none-eabi/13.3.1/../../../../arm-none-eabi/lib/thumb/v7e-m+fp/hard\libg_nano.a(libc_a-stdio.o)
 .debug_info    0x0000ae98       0xe0 C:/ST/STM32CubeCLT_1.19.0/GNU-tools-for-STM32/bin/../lib/gcc/arm-none-eabi/13.3.1/../../../../arm-none-eabi/lib/thumb/v7e-m+fp/hard\libg_nano.a(libc_a-memset.o)
 .debug_info    0x0000af78      0x75d C:/ST/STM32CubeCLT_1.19.0/GNU-tools-for-STM32/bin/../lib/gcc/arm-none-eabi/13.3.1/../../../../arm-none-eabi/lib/thumb/v7e-m+fp/hard\libg_nano.a(libc_a-closer.o)
 .debug_info    0x0000b6d5      0x8a1 C:/ST/STM32CubeCLT_1.19.0/GNU-tools-for-STM32/bin/../lib/gcc/arm-none-eabi/13.3.1/../../../../arm-none-eabi/lib/thumb/v7e-m+fp/hard\libg_nano.a(libc_a-reent.o)
 .debug_info    0x0000bf76      0x715 C:/ST/STM32CubeCLT_1.19.0/GNU-tools-for-STM32/bin/../lib/gcc/arm-none-eabi/13.3.1/../../../../arm-none-eabi/lib/thumb/v7e-m+fp/hard\libg_nano.a(libc_a-impure.o)
 .debug_info    0x0000c68b      0x7a8 C:/ST/STM32CubeCLT_1.19.0/GNU-tools-for-STM32/bin/../lib/gcc/arm-none-eabi/13.3.1/../../../../arm-none-eabi/lib/thumb/v7e-m+fp/hard\libg_nano.a(libc_a-lseekr.o)
 .debug_info    0x0000ce33      0x7bf C:/ST/STM32CubeCLT_1.19.0/GNU-tools-for-STM32/bin/../lib/gcc/arm-none-eabi/13.3.1/../../../../arm-none-eabi/lib/thumb/v7e-m+fp/hard\libg_nano.a(libc_a-readr.o)
 .debug_info    0x0000d5f2      0x7c5 C:/ST/STM32CubeCLT_1.19.0/GNU-tools-for-STM32/bin/../lib/gcc/arm-none-eabi/13.3.1/../../../../arm-none-eabi/lib/thumb/v7e-m+fp/hard\libg_nano.a(libc_a-writer.o)
 .debug_info    0x0000ddb7      0x6fb C:/ST/STM32CubeCLT_1.19.0/GNU-tools-for-STM32/bin/../lib/gcc/arm-none-eabi/13.3.1/../../../../arm-none-eabi/lib/thumb/v7e-m+fp/hard\libg_nano.a(libc_a-errno.o)
 .debug_info    0x0000e4b2      0x10b C:/ST/STM32CubeCLT_1.19.0/GNU-tools-for-STM32/bin/../lib/gcc/arm-none-eabi/13.3.1/../../../../arm-none-eabi/lib/thumb/v7e-m+fp/hard\libg_nano.a(libc_a-init.o)
 .debug_info    0x0000e5bd      0x218 C:/ST/STM32CubeCLT_1.19.0/GNU-tools-for-STM32/bin/../lib/gcc/arm-none-eabi/13.3.1/../../../../arm-none-eabi/lib/thumb/v7e-m+fp/hard\libg_nano.a(libc_a-lock.o)
 .debug_info    0x0000e7d5      0x851 C:/ST/STM32CubeCLT_1.19.0/GNU-tools-for-STM32/bin/../lib/gcc/arm-none-eabi/13.3.1/../../../../arm-none-eabi/lib/thumb/v7e-m+fp/hard\libg_nano.a(libc_a-freer.o)
 .debug_info    0x0000f026      0x9bc C:/ST/STM32CubeCLT_1.19.0/GNU-tools-for-STM32/bin/../lib/gcc/arm-none-eabi/13.3.1/../../../../arm-none-eabi/lib/thumb/v7e-m+fp/hard\libg_nano.a(libc_a-mallocr.o)
 .debug_info    0x0000f9e2      0x76b C:/ST/STM32CubeCLT_1.19.0/GNU-tools-for-STM32/bin/../lib/gcc/arm-none-eabi/13.3.1/../../../../arm-none-eabi/lib/thumb/v7e-m+fp/hard\libg_nano.a(libc_a-mlock.o)
 .debug_info    0x0001014d     0x1094 C:/ST/STM32CubeCLT_1.19.0/GNU-tools-for-STM32/bin/../lib/gcc/arm-none-eabi/13.3.1/../../../../arm-none-eabi/lib/thumb/v7e-m+fp/hard\libg_nano.a(libc_a-nano-vfprintf.o)
 .debug_info    0x000111e1      0xde2 C:/ST/STM32CubeCLT_1.19.0/GNU-tools-for-STM32/bin/../lib/gcc/arm-none-eabi/13.3.1/../../../../arm-none-eabi/lib/thumb/v7e-m+fp/hard\libg_nano.a(libc_a-nano-vfprintf_i.o)
 .debug_info    0x00011fc3      0x9f2 C:/ST/STM32CubeCLT_1.19.0/GNU-tools-for-STM32/bin/../lib/gcc/arm-none-eabi/13.3.1/../../../../arm-none-eabi/lib/thumb/v7e-m+fp/hard\libg_nano.a(libc_a-fflush.o)
 .debug_info    0x000129b5      0x874 C:/ST/STM32CubeCLT_1.19.0/GNU-tools-for-STM32/bin/../lib/gcc/arm-none-eabi/13.3.1/../../../../arm-none-eabi/lib/thumb/v7e-m+fp/hard\libg_nano.a(libc_a-wbuf.o)
 .debug_info    0x00013229      0x7bb C:/ST/STM32CubeCLT_1.19.0/GNU-tools-for-STM32/bin/../lib/gcc/arm-none-eabi/13.3.1/../../../../arm-none-eabi/lib/thumb/v7e-m+fp/hard\libg_nano.a(libc_a-wsetup.o)
 .debug_info    0x000139e4      0x782 C:/ST/STM32CubeCLT_1.19.0/GNU-tools-for-STM32/bin/../lib/gcc/arm-none-eabi/13.3.1/../../../../arm-none-eabi/lib/thumb/v7e-m+fp/hard\libg_nano.a(libc_a-sbrkr.o)
 .debug_info    0x00014166       0x25 C:/ST/STM32CubeCLT_1.19.0/GNU-tools-for-STM32/bin/../lib/gcc/arm-none-eabi/13.3.1/../../../../arm-none-eabi/lib/thumb/v7e-m+fp/hard\libg_nano.a(libc_a-memchr.o)
 .debug_info    0x0001418b      0xb1a C:/ST/STM32CubeCLT_1.19.0/GNU-tools-for-STM32/bin/../lib/gcc/arm-none-eabi/13.3.1/../../../../arm-none-eabi/lib/thumb/v7e-m+fp/hard\libg_nano.a(libc_a-makebuf.o)
 .debug_info    0x00014ca5      0x981 C:/ST/STM32CubeCLT_1.19.0/GNU-tools-for-STM32/bin/../lib/gcc/arm-none-eabi/13.3.1/../../../../arm-none-eabi/lib/thumb/v7e-m+fp/hard\libg_nano.a(libc_a-fstatr.o)
 .debug_info    0x00015626      0x75d C:/ST/STM32CubeCLT_1.19.0/GNU-tools-for-STM32/bin/../lib/gcc/arm-none-eabi/13.3.1/../../../../arm-none-eabi/lib/thumb/v7e-m+fp/hard\libg_nano.a(libc_a-isattyr.o)

.debug_abbrev   0x00000000     0x49cd
 .debug_abbrev  0x00000000      0x11a cmake/stm32cubemx/CMakeFiles/STM32_Drivers.dir/__/__/Core/Src/system_stm32f4xx.c.obj
 .debug_abbrev  0x0000011a      0x30e cmake/stm32cubemx/CMakeFiles/STM32_Drivers.dir/__/__/Drivers/STM32F4xx_HAL_Driver/Src/stm32f4xx_hal_uart.c.obj
 .debug_abbrev  0x00000428      0x2b7 cmake/stm32cubemx/CMakeFiles/STM32_Drivers.dir/__/__/Drivers/STM32F4xx_HAL_Driver/Src/stm32f4xx_hal_rcc.c.obj
 .debug_abbrev  0x000006df      0x211 cmake/stm32cubemx/CMakeFiles/STM32_Drivers.dir/__/__/Drivers/STM32F4xx_HAL_Driver/Src/stm32f4xx_hal_rcc_ex.c.obj
 .debug_abbrev  0x000008f0      0x1d4 cmake/stm32cubemx/CMakeFiles/STM32_Drivers.dir/__/__/Drivers/STM32F4xx_HAL_Driver/Src/stm32f4xx_hal_gpio.c.obj
 .debug_abbrev  0x00000ac4      0x31d cmake/stm32cubemx/CMakeFiles/STM32_Drivers.dir/__/__/Drivers/STM32F4xx_HAL_Driver/Src/stm32f4xx_hal_cortex.c.obj
 .debug_abbrev  0x00000de1      0x214 cmake/stm32cubemx/CMakeFiles/STM32_Drivers.dir/__/__/Drivers/STM32F4xx_HAL_Driver/Src/stm32f4xx_hal.c.obj
 .debug_abbrev  0x00000ff5      0x287 CMakeFiles/helloworld.dir/Core/Src/main.c.obj
 .debug_abbrev  0x0000127c       0x73 CMakeFiles/helloworld.dir/Core/Src/stm32f4xx_it.c.obj
 .debug_abbrev  0x000012ef      0x1c2 CMakeFiles/helloworld.dir/Core/Src/stm32f4xx_hal_msp.c.obj
 .debug_abbrev  0x000014b1       0xbc CMakeFiles/helloworld.dir/Core/Src/sysmem.c.obj
 .debug_abbrev  0x0000156d      0x1bc CMakeFiles/helloworld.dir/Core/Src/syscalls.c.obj
 .debug_abbrev  0x00001729       0x24 CMakeFiles/helloworld.dir/startup_stm32f446xx.s.obj
 .debug_abbrev  0x0000174d      0x424 C:/ST/STM32CubeCLT_1.19.0/GNU-tools-for-STM32/bin/../lib/gcc/arm-none-eabi/13.3.1/../../../../arm-none-eabi/lib/thumb/v7e-m+fp/hard\libg_nano.a(libc_a-findfp.o)
 .debug_abbrev  0x00001b71      0x19b C:/ST/STM32CubeCLT_1.19.0/GNU-tools-for-STM32/bin/../lib/gcc/arm-none-eabi/13.3.1/../../../../arm-none-eabi/lib/thumb/v7e-m+fp/hard\libg_nano.a(libc_a-fwalk.o)
 .debug_abbrev  0x00001d0c      0x21a C:/ST/STM32CubeCLT_1.19.0/GNU-tools-for-STM32/bin/../lib/gcc/arm-none-eabi/13.3.1/../../../../arm-none-eabi/lib/thumb/v7e-m+fp/hard\libg_nano.a(libc_a-printf.o)
 .debug_abbrev  0x00001f26      0x221 C:/ST/STM32CubeCLT_1.19.0/GNU-tools-for-STM32/bin/../lib/gcc/arm-none-eabi/13.3.1/../../../../arm-none-eabi/lib/thumb/v7e-m+fp/hard\libg_nano.a(libc_a-stdio.o)
 .debug_abbrev  0x00002147       0x9e C:/ST/STM32CubeCLT_1.19.0/GNU-tools-for-STM32/bin/../lib/gcc/arm-none-eabi/13.3.1/../../../../arm-none-eabi/lib/thumb/v7e-m+fp/hard\libg_nano.a(libc_a-memset.o)
 .debug_abbrev  0x000021e5      0x1b0 C:/ST/STM32CubeCLT_1.19.0/GNU-tools-for-STM32/bin/../lib/gcc/arm-none-eabi/13.3.1/../../../../arm-none-eabi/lib/thumb/v7e-m+fp/hard\libg_nano.a(libc_a-closer.o)
 .debug_abbrev  0x00002395      0x1f7 C:/ST/STM32CubeCLT_1.19.0/GNU-tools-for-STM32/bin/../lib/gcc/arm-none-eabi/13.3.1/../../../../arm-none-eabi/lib/thumb/v7e-m+fp/hard\libg_nano.a(libc_a-reent.o)
 .debug_abbrev  0x0000258c      0x149 C:/ST/STM32CubeCLT_1.19.0/GNU-tools-for-STM32/bin/../lib/gcc/arm-none-eabi/13.3.1/../../../../arm-none-eabi/lib/thumb/v7e-m+fp/hard\libg_nano.a(libc_a-impure.o)
 .debug_abbrev  0x000026d5      0x1c4 C:/ST/STM32CubeCLT_1.19.0/GNU-tools-for-STM32/bin/../lib/gcc/arm-none-eabi/13.3.1/../../../../arm-none-eabi/lib/thumb/v7e-m+fp/hard\libg_nano.a(libc_a-lseekr.o)
 .debug_abbrev  0x00002899      0x1b0 C:/ST/STM32CubeCLT_1.19.0/GNU-tools-for-STM32/bin/../lib/gcc/arm-none-eabi/13.3.1/../../../../arm-none-eabi/lib/thumb/v7e-m+fp/hard\libg_nano.a(libc_a-readr.o)
 .debug_abbrev  0x00002a49      0x1b5 C:/ST/STM32CubeCLT_1.19.0/GNU-tools-for-STM32/bin/../lib/gcc/arm-none-eabi/13.3.1/../../../../arm-none-eabi/lib/thumb/v7e-m+fp/hard\libg_nano.a(libc_a-writer.o)
 .debug_abbrev  0x00002bfe      0x15e C:/ST/STM32CubeCLT_1.19.0/GNU-tools-for-STM32/bin/../lib/gcc/arm-none-eabi/13.3.1/../../../../arm-none-eabi/lib/thumb/v7e-m+fp/hard\libg_nano.a(libc_a-errno.o)
 .debug_abbrev  0x00002d5c       0xc9 C:/ST/STM32CubeCLT_1.19.0/GNU-tools-for-STM32/bin/../lib/gcc/arm-none-eabi/13.3.1/../../../../arm-none-eabi/lib/thumb/v7e-m+fp/hard\libg_nano.a(libc_a-init.o)
 .debug_abbrev  0x00002e25      0x115 C:/ST/STM32CubeCLT_1.19.0/GNU-tools-for-STM32/bin/../lib/gcc/arm-none-eabi/13.3.1/../../../../arm-none-eabi/lib/thumb/v7e-m+fp/hard\libg_nano.a(libc_a-lock.o)
 .debug_abbrev  0x00002f3a      0x236 C:/ST/STM32CubeCLT_1.19.0/GNU-tools-for-STM32/bin/../lib/gcc/arm-none-eabi/13.3.1/../../../../arm-none-eabi/lib/thumb/v7e-m+fp/hard\libg_nano.a(libc_a-freer.o)
 .debug_abbrev  0x00003170      0x24a C:/ST/STM32CubeCLT_1.19.0/GNU-tools-for-STM32/bin/../lib/gcc/arm-none-eabi/13.3.1/../../../../arm-none-eabi/lib/thumb/v7e-m+fp/hard\libg_nano.a(libc_a-mallocr.o)
 .debug_abbrev  0x000033ba      0x1bf C:/ST/STM32CubeCLT_1.19.0/GNU-tools-for-STM32/bin/../lib/gcc/arm-none-eabi/13.3.1/../../../../arm-none-eabi/lib/thumb/v7e-m+fp/hard\libg_nano.a(libc_a-mlock.o)
 .debug_abbrev  0x00003579      0x316 C:/ST/STM32CubeCLT_1.19.0/GNU-tools-for-STM32/bin/../lib/gcc/arm-none-eabi/13.3.1/../../../../arm-none-eabi/lib/thumb/v7e-m+fp/hard\libg_nano.a(libc_a-nano-vfprintf.o)
 .debug_abbrev  0x0000388f      0x28e C:/ST/STM32CubeCLT_1.19.0/GNU-tools-for-STM32/bin/../lib/gcc/arm-none-eabi/13.3.1/../../../../arm-none-eabi/lib/thumb/v7e-m+fp/hard\libg_nano.a(libc_a-nano-vfprintf_i.o)
 .debug_abbrev  0x00003b1d      0x2b2 C:/ST/STM32CubeCLT_1.19.0/GNU-tools-for-STM32/bin/../lib/gcc/arm-none-eabi/13.3.1/../../../../arm-none-eabi/lib/thumb/v7e-m+fp/hard\libg_nano.a(libc_a-fflush.o)
 .debug_abbrev  0x00003dcf      0x22d C:/ST/STM32CubeCLT_1.19.0/GNU-tools-for-STM32/bin/../lib/gcc/arm-none-eabi/13.3.1/../../../../arm-none-eabi/lib/thumb/v7e-m+fp/hard\libg_nano.a(libc_a-wbuf.o)
 .debug_abbrev  0x00003ffc      0x1e2 C:/ST/STM32CubeCLT_1.19.0/GNU-tools-for-STM32/bin/../lib/gcc/arm-none-eabi/13.3.1/../../../../arm-none-eabi/lib/thumb/v7e-m+fp/hard\libg_nano.a(libc_a-wsetup.o)
 .debug_abbrev  0x000041de      0x1da C:/ST/STM32CubeCLT_1.19.0/GNU-tools-for-STM32/bin/../lib/gcc/arm-none-eabi/13.3.1/../../../../arm-none-eabi/lib/thumb/v7e-m+fp/hard\libg_nano.a(libc_a-sbrkr.o)
 .debug_abbrev  0x000043b8       0x14 C:/ST/STM32CubeCLT_1.19.0/GNU-tools-for-STM32/bin/../lib/gcc/arm-none-eabi/13.3.1/../../../../arm-none-eabi/lib/thumb/v7e-m+fp/hard\libg_nano.a(libc_a-memchr.o)
 .debug_abbrev  0x000043cc      0x28e C:/ST/STM32CubeCLT_1.19.0/GNU-tools-for-STM32/bin/../lib/gcc/arm-none-eabi/13.3.1/../../../../arm-none-eabi/lib/thumb/v7e-m+fp/hard\libg_nano.a(libc_a-makebuf.o)
 .debug_abbrev  0x0000465a      0x1c3 C:/ST/STM32CubeCLT_1.19.0/GNU-tools-for-STM32/bin/../lib/gcc/arm-none-eabi/13.3.1/../../../../arm-none-eabi/lib/thumb/v7e-m+fp/hard\libg_nano.a(libc_a-fstatr.o)
 .debug_abbrev  0x0000481d      0x1b0 C:/ST/STM32CubeCLT_1.19.0/GNU-tools-for-STM32/bin/../lib/gcc/arm-none-eabi/13.3.1/../../../../arm-none-eabi/lib/thumb/v7e-m+fp/hard\libg_nano.a(libc_a-isattyr.o)

.debug_aranges  0x00000000      0xbe8
 .debug_aranges
                0x00000000       0x28 cmake/stm32cubemx/CMakeFiles/STM32_Drivers.dir/__/__/Core/Src/system_stm32f4xx.c.obj
 .debug_aranges
                0x00000028      0x208 cmake/stm32cubemx/CMakeFiles/STM32_Drivers.dir/__/__/Drivers/STM32F4xx_HAL_Driver/Src/stm32f4xx_hal_uart.c.obj
 .debug_aranges
                0x00000230       0x88 cmake/stm32cubemx/CMakeFiles/STM32_Drivers.dir/__/__/Drivers/STM32F4xx_HAL_Driver/Src/stm32f4xx_hal_rcc.c.obj
 .debug_aranges
                0x000002b8       0x78 cmake/stm32cubemx/CMakeFiles/STM32_Drivers.dir/__/__/Drivers/STM32F4xx_HAL_Driver/Src/stm32f4xx_hal_rcc_ex.c.obj
 .debug_aranges
                0x00000330       0x58 cmake/stm32cubemx/CMakeFiles/STM32_Drivers.dir/__/__/Drivers/STM32F4xx_HAL_Driver/Src/stm32f4xx_hal_gpio.c.obj
 .debug_aranges
                0x00000388      0x130 cmake/stm32cubemx/CMakeFiles/STM32_Drivers.dir/__/__/Drivers/STM32F4xx_HAL_Driver/Src/stm32f4xx_hal_cortex.c.obj
 .debug_aranges
                0x000004b8       0xf0 cmake/stm32cubemx/CMakeFiles/STM32_Drivers.dir/__/__/Drivers/STM32F4xx_HAL_Driver/Src/stm32f4xx_hal.c.obj
 .debug_aranges
                0x000005a8       0x48 CMakeFiles/helloworld.dir/Core/Src/main.c.obj
 .debug_aranges
                0x000005f0       0x60 CMakeFiles/helloworld.dir/Core/Src/stm32f4xx_it.c.obj
 .debug_aranges
                0x00000650       0x30 CMakeFiles/helloworld.dir/Core/Src/stm32f4xx_hal_msp.c.obj
 .debug_aranges
                0x00000680       0x20 CMakeFiles/helloworld.dir/Core/Src/sysmem.c.obj
 .debug_aranges
                0x000006a0       0xa8 CMakeFiles/helloworld.dir/Core/Src/syscalls.c.obj
 .debug_aranges
                0x00000748       0x28 CMakeFiles/helloworld.dir/startup_stm32f446xx.s.obj
 .debug_aranges
                0x00000770       0x78 C:/ST/STM32CubeCLT_1.19.0/GNU-tools-for-STM32/bin/../lib/gcc/arm-none-eabi/13.3.1/../../../../arm-none-eabi/lib/thumb/v7e-m+fp/hard\libg_nano.a(libc_a-findfp.o)
 .debug_aranges
                0x000007e8       0x20 C:/ST/STM32CubeCLT_1.19.0/GNU-tools-for-STM32/bin/../lib/gcc/arm-none-eabi/13.3.1/../../../../arm-none-eabi/lib/thumb/v7e-m+fp/hard\libg_nano.a(libc_a-fwalk.o)
 .debug_aranges
                0x00000808       0x28 C:/ST/STM32CubeCLT_1.19.0/GNU-tools-for-STM32/bin/../lib/gcc/arm-none-eabi/13.3.1/../../../../arm-none-eabi/lib/thumb/v7e-m+fp/hard\libg_nano.a(libc_a-printf.o)
 .debug_aranges
                0x00000830       0x40 C:/ST/STM32CubeCLT_1.19.0/GNU-tools-for-STM32/bin/../lib/gcc/arm-none-eabi/13.3.1/../../../../arm-none-eabi/lib/thumb/v7e-m+fp/hard\libg_nano.a(libc_a-stdio.o)
 .debug_aranges
                0x00000870       0x20 C:/ST/STM32CubeCLT_1.19.0/GNU-tools-for-STM32/bin/../lib/gcc/arm-none-eabi/13.3.1/../../../../arm-none-eabi/lib/thumb/v7e-m+fp/hard\libg_nano.a(libc_a-memset.o)
 .debug_aranges
                0x00000890       0x20 C:/ST/STM32CubeCLT_1.19.0/GNU-tools-for-STM32/bin/../lib/gcc/arm-none-eabi/13.3.1/../../../../arm-none-eabi/lib/thumb/v7e-m+fp/hard\libg_nano.a(libc_a-closer.o)
 .debug_aranges
                0x000008b0       0x20 C:/ST/STM32CubeCLT_1.19.0/GNU-tools-for-STM32/bin/../lib/gcc/arm-none-eabi/13.3.1/../../../../arm-none-eabi/lib/thumb/v7e-m+fp/hard\libg_nano.a(libc_a-reent.o)
 .debug_aranges
                0x000008d0       0x18 C:/ST/STM32CubeCLT_1.19.0/GNU-tools-for-STM32/bin/../lib/gcc/arm-none-eabi/13.3.1/../../../../arm-none-eabi/lib/thumb/v7e-m+fp/hard\libg_nano.a(libc_a-impure.o)
 .debug_aranges
                0x000008e8       0x20 C:/ST/STM32CubeCLT_1.19.0/GNU-tools-for-STM32/bin/../lib/gcc/arm-none-eabi/13.3.1/../../../../arm-none-eabi/lib/thumb/v7e-m+fp/hard\libg_nano.a(libc_a-lseekr.o)
 .debug_aranges
                0x00000908       0x20 C:/ST/STM32CubeCLT_1.19.0/GNU-tools-for-STM32/bin/../lib/gcc/arm-none-eabi/13.3.1/../../../../arm-none-eabi/lib/thumb/v7e-m+fp/hard\libg_nano.a(libc_a-readr.o)
 .debug_aranges
                0x00000928       0x20 C:/ST/STM32CubeCLT_1.19.0/GNU-tools-for-STM32/bin/../lib/gcc/arm-none-eabi/13.3.1/../../../../arm-none-eabi/lib/thumb/v7e-m+fp/hard\libg_nano.a(libc_a-writer.o)
 .debug_aranges
                0x00000948       0x20 C:/ST/STM32CubeCLT_1.19.0/GNU-tools-for-STM32/bin/../lib/gcc/arm-none-eabi/13.3.1/../../../../arm-none-eabi/lib/thumb/v7e-m+fp/hard\libg_nano.a(libc_a-errno.o)
 .debug_aranges
                0x00000968       0x20 C:/ST/STM32CubeCLT_1.19.0/GNU-tools-for-STM32/bin/../lib/gcc/arm-none-eabi/13.3.1/../../../../arm-none-eabi/lib/thumb/v7e-m+fp/hard\libg_nano.a(libc_a-init.o)
 .debug_aranges
                0x00000988       0x68 C:/ST/STM32CubeCLT_1.19.0/GNU-tools-for-STM32/bin/../lib/gcc/arm-none-eabi/13.3.1/../../../../arm-none-eabi/lib/thumb/v7e-m+fp/hard\libg_nano.a(libc_a-lock.o)
 .debug_aranges
                0x000009f0       0x20 C:/ST/STM32CubeCLT_1.19.0/GNU-tools-for-STM32/bin/../lib/gcc/arm-none-eabi/13.3.1/../../../../arm-none-eabi/lib/thumb/v7e-m+fp/hard\libg_nano.a(libc_a-freer.o)
 .debug_aranges
                0x00000a10       0x28 C:/ST/STM32CubeCLT_1.19.0/GNU-tools-for-STM32/bin/../lib/gcc/arm-none-eabi/13.3.1/../../../../arm-none-eabi/lib/thumb/v7e-m+fp/hard\libg_nano.a(libc_a-mallocr.o)
 .debug_aranges
                0x00000a38       0x28 C:/ST/STM32CubeCLT_1.19.0/GNU-tools-for-STM32/bin/../lib/gcc/arm-none-eabi/13.3.1/../../../../arm-none-eabi/lib/thumb/v7e-m+fp/hard\libg_nano.a(libc_a-mlock.o)
 .debug_aranges
                0x00000a60       0x40 C:/ST/STM32CubeCLT_1.19.0/GNU-tools-for-STM32/bin/../lib/gcc/arm-none-eabi/13.3.1/../../../../arm-none-eabi/lib/thumb/v7e-m+fp/hard\libg_nano.a(libc_a-nano-vfprintf.o)
 .debug_aranges
                0x00000aa0       0x28 C:/ST/STM32CubeCLT_1.19.0/GNU-tools-for-STM32/bin/../lib/gcc/arm-none-eabi/13.3.1/../../../../arm-none-eabi/lib/thumb/v7e-m+fp/hard\libg_nano.a(libc_a-nano-vfprintf_i.o)
 .debug_aranges
                0x00000ac8       0x30 C:/ST/STM32CubeCLT_1.19.0/GNU-tools-for-STM32/bin/../lib/gcc/arm-none-eabi/13.3.1/../../../../arm-none-eabi/lib/thumb/v7e-m+fp/hard\libg_nano.a(libc_a-fflush.o)
 .debug_aranges
                0x00000af8       0x28 C:/ST/STM32CubeCLT_1.19.0/GNU-tools-for-STM32/bin/../lib/gcc/arm-none-eabi/13.3.1/../../../../arm-none-eabi/lib/thumb/v7e-m+fp/hard\libg_nano.a(libc_a-wbuf.o)
 .debug_aranges
                0x00000b20       0x20 C:/ST/STM32CubeCLT_1.19.0/GNU-tools-for-STM32/bin/../lib/gcc/arm-none-eabi/13.3.1/../../../../arm-none-eabi/lib/thumb/v7e-m+fp/hard\libg_nano.a(libc_a-wsetup.o)
 .debug_aranges
                0x00000b40       0x20 C:/ST/STM32CubeCLT_1.19.0/GNU-tools-for-STM32/bin/../lib/gcc/arm-none-eabi/13.3.1/../../../../arm-none-eabi/lib/thumb/v7e-m+fp/hard\libg_nano.a(libc_a-sbrkr.o)
 .debug_aranges
                0x00000b60       0x20 C:/ST/STM32CubeCLT_1.19.0/GNU-tools-for-STM32/bin/../lib/gcc/arm-none-eabi/13.3.1/../../../../arm-none-eabi/lib/thumb/v7e-m+fp/hard\libg_nano.a(libc_a-memchr.o)
 .debug_aranges
                0x00000b80       0x28 C:/ST/STM32CubeCLT_1.19.0/GNU-tools-for-STM32/bin/../lib/gcc/arm-none-eabi/13.3.1/../../../../arm-none-eabi/lib/thumb/v7e-m+fp/hard\libg_nano.a(libc_a-makebuf.o)
 .debug_aranges
                0x00000ba8       0x20 C:/ST/STM32CubeCLT_1.19.0/GNU-tools-for-STM32/bin/../lib/gcc/arm-none-eabi/13.3.1/../../../../arm-none-eabi/lib/thumb/v7e-m+fp/hard\libg_nano.a(libc_a-fstatr.o)
 .debug_aranges
                0x00000bc8       0x20 C:/ST/STM32CubeCLT_1.19.0/GNU-tools-for-STM32/bin/../lib/gcc/arm-none-eabi/13.3.1/../../../../arm-none-eabi/lib/thumb/v7e-m+fp/hard\libg_nano.a(libc_a-isattyr.o)

.debug_rnglists
                0x00000000      0x942
 .debug_rnglists
                0x00000000       0x1a cmake/stm32cubemx/CMakeFiles/STM32_Drivers.dir/__/__/Core/Src/system_stm32f4xx.c.obj
 .debug_rnglists
                0x0000001a      0x1bc cmake/stm32cubemx/CMakeFiles/STM32_Drivers.dir/__/__/Drivers/STM32F4xx_HAL_Driver/Src/stm32f4xx_hal_uart.c.obj
 .debug_rnglists
                0x000001d6       0x66 cmake/stm32cubemx/CMakeFiles/STM32_Drivers.dir/__/__/Drivers/STM32F4xx_HAL_Driver/Src/stm32f4xx_hal_rcc.c.obj
 .debug_rnglists
                0x0000023c       0x5e cmake/stm32cubemx/CMakeFiles/STM32_Drivers.dir/__/__/Drivers/STM32F4xx_HAL_Driver/Src/stm32f4xx_hal_rcc_ex.c.obj
 .debug_rnglists
                0x0000029a       0x3f cmake/stm32cubemx/CMakeFiles/STM32_Drivers.dir/__/__/Drivers/STM32F4xx_HAL_Driver/Src/stm32f4xx_hal_gpio.c.obj
 .debug_rnglists
                0x000002d9       0xe0 cmake/stm32cubemx/CMakeFiles/STM32_Drivers.dir/__/__/Drivers/STM32F4xx_HAL_Driver/Src/stm32f4xx_hal_cortex.c.obj
 .debug_rnglists
                0x000003b9       0xaf cmake/stm32cubemx/CMakeFiles/STM32_Drivers.dir/__/__/Drivers/STM32F4xx_HAL_Driver/Src/stm32f4xx_hal.c.obj
 .debug_rnglists
                0x00000468       0x33 CMakeFiles/helloworld.dir/Core/Src/main.c.obj
 .debug_rnglists
                0x0000049b       0x43 CMakeFiles/helloworld.dir/Core/Src/stm32f4xx_it.c.obj
 .debug_rnglists
                0x000004de       0x20 CMakeFiles/helloworld.dir/Core/Src/stm32f4xx_hal_msp.c.obj
 .debug_rnglists
                0x000004fe       0x13 CMakeFiles/helloworld.dir/Core/Src/sysmem.c.obj
 .debug_rnglists
                0x00000511       0x79 CMakeFiles/helloworld.dir/Core/Src/syscalls.c.obj
 .debug_rnglists
                0x0000058a       0x19 CMakeFiles/helloworld.dir/startup_stm32f446xx.s.obj
 .debug_rnglists
                0x000005a3       0x7a C:/ST/STM32CubeCLT_1.19.0/GNU-tools-for-STM32/bin/../lib/gcc/arm-none-eabi/13.3.1/../../../../arm-none-eabi/lib/thumb/v7e-m+fp/hard\libg_nano.a(libc_a-findfp.o)
 .debug_rnglists
                0x0000061d       0x13 C:/ST/STM32CubeCLT_1.19.0/GNU-tools-for-STM32/bin/../lib/gcc/arm-none-eabi/13.3.1/../../../../arm-none-eabi/lib/thumb/v7e-m+fp/hard\libg_nano.a(libc_a-fwalk.o)
 .debug_rnglists
                0x00000630       0x19 C:/ST/STM32CubeCLT_1.19.0/GNU-tools-for-STM32/bin/../lib/gcc/arm-none-eabi/13.3.1/../../../../arm-none-eabi/lib/thumb/v7e-m+fp/hard\libg_nano.a(libc_a-printf.o)
 .debug_rnglists
                0x00000649       0x2b C:/ST/STM32CubeCLT_1.19.0/GNU-tools-for-STM32/bin/../lib/gcc/arm-none-eabi/13.3.1/../../../../arm-none-eabi/lib/thumb/v7e-m+fp/hard\libg_nano.a(libc_a-stdio.o)
 .debug_rnglists
                0x00000674       0x13 C:/ST/STM32CubeCLT_1.19.0/GNU-tools-for-STM32/bin/../lib/gcc/arm-none-eabi/13.3.1/../../../../arm-none-eabi/lib/thumb/v7e-m+fp/hard\libg_nano.a(libc_a-memset.o)
 .debug_rnglists
                0x00000687       0x13 C:/ST/STM32CubeCLT_1.19.0/GNU-tools-for-STM32/bin/../lib/gcc/arm-none-eabi/13.3.1/../../../../arm-none-eabi/lib/thumb/v7e-m+fp/hard\libg_nano.a(libc_a-closer.o)
 .debug_rnglists
                0x0000069a       0x2c C:/ST/STM32CubeCLT_1.19.0/GNU-tools-for-STM32/bin/../lib/gcc/arm-none-eabi/13.3.1/../../../../arm-none-eabi/lib/thumb/v7e-m+fp/hard\libg_nano.a(libc_a-reent.o)
 .debug_rnglists
                0x000006c6       0x13 C:/ST/STM32CubeCLT_1.19.0/GNU-tools-for-STM32/bin/../lib/gcc/arm-none-eabi/13.3.1/../../../../arm-none-eabi/lib/thumb/v7e-m+fp/hard\libg_nano.a(libc_a-lseekr.o)
 .debug_rnglists
                0x000006d9       0x13 C:/ST/STM32CubeCLT_1.19.0/GNU-tools-for-STM32/bin/../lib/gcc/arm-none-eabi/13.3.1/../../../../arm-none-eabi/lib/thumb/v7e-m+fp/hard\libg_nano.a(libc_a-readr.o)
 .debug_rnglists
                0x000006ec       0x13 C:/ST/STM32CubeCLT_1.19.0/GNU-tools-for-STM32/bin/../lib/gcc/arm-none-eabi/13.3.1/../../../../arm-none-eabi/lib/thumb/v7e-m+fp/hard\libg_nano.a(libc_a-writer.o)
 .debug_rnglists
                0x000006ff       0x13 C:/ST/STM32CubeCLT_1.19.0/GNU-tools-for-STM32/bin/../lib/gcc/arm-none-eabi/13.3.1/../../../../arm-none-eabi/lib/thumb/v7e-m+fp/hard\libg_nano.a(libc_a-errno.o)
 .debug_rnglists
                0x00000712       0x13 C:/ST/STM32CubeCLT_1.19.0/GNU-tools-for-STM32/bin/../lib/gcc/arm-none-eabi/13.3.1/../../../../arm-none-eabi/lib/thumb/v7e-m+fp/hard\libg_nano.a(libc_a-init.o)
 .debug_rnglists
                0x00000725       0x49 C:/ST/STM32CubeCLT_1.19.0/GNU-tools-for-STM32/bin/../lib/gcc/arm-none-eabi/13.3.1/../../../../arm-none-eabi/lib/thumb/v7e-m+fp/hard\libg_nano.a(libc_a-lock.o)
 .debug_rnglists
                0x0000076e       0x14 C:/ST/STM32CubeCLT_1.19.0/GNU-tools-for-STM32/bin/../lib/gcc/arm-none-eabi/13.3.1/../../../../arm-none-eabi/lib/thumb/v7e-m+fp/hard\libg_nano.a(libc_a-freer.o)
 .debug_rnglists
                0x00000782       0x2c C:/ST/STM32CubeCLT_1.19.0/GNU-tools-for-STM32/bin/../lib/gcc/arm-none-eabi/13.3.1/../../../../arm-none-eabi/lib/thumb/v7e-m+fp/hard\libg_nano.a(libc_a-mallocr.o)
 .debug_rnglists
                0x000007ae       0x19 C:/ST/STM32CubeCLT_1.19.0/GNU-tools-for-STM32/bin/../lib/gcc/arm-none-eabi/13.3.1/../../../../arm-none-eabi/lib/thumb/v7e-m+fp/hard\libg_nano.a(libc_a-mlock.o)
 .debug_rnglists
                0x000007c7       0x38 C:/ST/STM32CubeCLT_1.19.0/GNU-tools-for-STM32/bin/../lib/gcc/arm-none-eabi/13.3.1/../../../../arm-none-eabi/lib/thumb/v7e-m+fp/hard\libg_nano.a(libc_a-nano-vfprintf.o)
 .debug_rnglists
                0x000007ff       0x66 C:/ST/STM32CubeCLT_1.19.0/GNU-tools-for-STM32/bin/../lib/gcc/arm-none-eabi/13.3.1/../../../../arm-none-eabi/lib/thumb/v7e-m+fp/hard\libg_nano.a(libc_a-nano-vfprintf_i.o)
 .debug_rnglists
                0x00000865       0x40 C:/ST/STM32CubeCLT_1.19.0/GNU-tools-for-STM32/bin/../lib/gcc/arm-none-eabi/13.3.1/../../../../arm-none-eabi/lib/thumb/v7e-m+fp/hard\libg_nano.a(libc_a-fflush.o)
 .debug_rnglists
                0x000008a5       0x25 C:/ST/STM32CubeCLT_1.19.0/GNU-tools-for-STM32/bin/../lib/gcc/arm-none-eabi/13.3.1/../../../../arm-none-eabi/lib/thumb/v7e-m+fp/hard\libg_nano.a(libc_a-wbuf.o)
 .debug_rnglists
                0x000008ca       0x26 C:/ST/STM32CubeCLT_1.19.0/GNU-tools-for-STM32/bin/../lib/gcc/arm-none-eabi/13.3.1/../../../../arm-none-eabi/lib/thumb/v7e-m+fp/hard\libg_nano.a(libc_a-wsetup.o)
 .debug_rnglists
                0x000008f0       0x13 C:/ST/STM32CubeCLT_1.19.0/GNU-tools-for-STM32/bin/../lib/gcc/arm-none-eabi/13.3.1/../../../../arm-none-eabi/lib/thumb/v7e-m+fp/hard\libg_nano.a(libc_a-sbrkr.o)
 .debug_rnglists
                0x00000903       0x19 C:/ST/STM32CubeCLT_1.19.0/GNU-tools-for-STM32/bin/../lib/gcc/arm-none-eabi/13.3.1/../../../../arm-none-eabi/lib/thumb/v7e-m+fp/hard\libg_nano.a(libc_a-makebuf.o)
 .debug_rnglists
                0x0000091c       0x13 C:/ST/STM32CubeCLT_1.19.0/GNU-tools-for-STM32/bin/../lib/gcc/arm-none-eabi/13.3.1/../../../../arm-none-eabi/lib/thumb/v7e-m+fp/hard\libg_nano.a(libc_a-fstatr.o)
 .debug_rnglists
                0x0000092f       0x13 C:/ST/STM32CubeCLT_1.19.0/GNU-tools-for-STM32/bin/../lib/gcc/arm-none-eabi/13.3.1/../../../../arm-none-eabi/lib/thumb/v7e-m+fp/hard\libg_nano.a(libc_a-isattyr.o)

.debug_macro    0x00000000    0x21c1b
 .debug_macro   0x00000000      0x1ba cmake/stm32cubemx/CMakeFiles/STM32_Drivers.dir/__/__/Core/Src/system_stm32f4xx.c.obj
 .debug_macro   0x000001ba      0xad8 cmake/stm32cubemx/CMakeFiles/STM32_Drivers.dir/__/__/Core/Src/system_stm32f4xx.c.obj
 .debug_macro   0x00000c92       0x2e cmake/stm32cubemx/CMakeFiles/STM32_Drivers.dir/__/__/Core/Src/system_stm32f4xx.c.obj
 .debug_macro   0x00000cc0       0x28 cmake/stm32cubemx/CMakeFiles/STM32_Drivers.dir/__/__/Core/Src/system_stm32f4xx.c.obj
 .debug_macro   0x00000ce8       0x22 cmake/stm32cubemx/CMakeFiles/STM32_Drivers.dir/__/__/Core/Src/system_stm32f4xx.c.obj
 .debug_macro   0x00000d0a       0x8e cmake/stm32cubemx/CMakeFiles/STM32_Drivers.dir/__/__/Core/Src/system_stm32f4xx.c.obj
 .debug_macro   0x00000d98       0x51 cmake/stm32cubemx/CMakeFiles/STM32_Drivers.dir/__/__/Core/Src/system_stm32f4xx.c.obj
 .debug_macro   0x00000de9      0x103 cmake/stm32cubemx/CMakeFiles/STM32_Drivers.dir/__/__/Core/Src/system_stm32f4xx.c.obj
 .debug_macro   0x00000eec       0x6a cmake/stm32cubemx/CMakeFiles/STM32_Drivers.dir/__/__/Core/Src/system_stm32f4xx.c.obj
 .debug_macro   0x00000f56      0x1df cmake/stm32cubemx/CMakeFiles/STM32_Drivers.dir/__/__/Core/Src/system_stm32f4xx.c.obj
 .debug_macro   0x00001135       0x1c cmake/stm32cubemx/CMakeFiles/STM32_Drivers.dir/__/__/Core/Src/system_stm32f4xx.c.obj
 .debug_macro   0x00001151       0x22 cmake/stm32cubemx/CMakeFiles/STM32_Drivers.dir/__/__/Core/Src/system_stm32f4xx.c.obj
 .debug_macro   0x00001173       0xfb cmake/stm32cubemx/CMakeFiles/STM32_Drivers.dir/__/__/Core/Src/system_stm32f4xx.c.obj
 .debug_macro   0x0000126e     0x1011 cmake/stm32cubemx/CMakeFiles/STM32_Drivers.dir/__/__/Core/Src/system_stm32f4xx.c.obj
 .debug_macro   0x0000227f      0x11f cmake/stm32cubemx/CMakeFiles/STM32_Drivers.dir/__/__/Core/Src/system_stm32f4xx.c.obj
 .debug_macro   0x0000239e    0x1675e cmake/stm32cubemx/CMakeFiles/STM32_Drivers.dir/__/__/Core/Src/system_stm32f4xx.c.obj
 .debug_macro   0x00018afc       0x6d cmake/stm32cubemx/CMakeFiles/STM32_Drivers.dir/__/__/Core/Src/system_stm32f4xx.c.obj
 .debug_macro   0x00018b69      0x295 cmake/stm32cubemx/CMakeFiles/STM32_Drivers.dir/__/__/Core/Src/system_stm32f4xx.c.obj
 .debug_macro   0x00018dfe     0x3693 cmake/stm32cubemx/CMakeFiles/STM32_Drivers.dir/__/__/Core/Src/system_stm32f4xx.c.obj
 .debug_macro   0x0001c491      0x190 cmake/stm32cubemx/CMakeFiles/STM32_Drivers.dir/__/__/Core/Src/system_stm32f4xx.c.obj
 .debug_macro   0x0001c621       0x5c cmake/stm32cubemx/CMakeFiles/STM32_Drivers.dir/__/__/Core/Src/system_stm32f4xx.c.obj
 .debug_macro   0x0001c67d      0xca5 cmake/stm32cubemx/CMakeFiles/STM32_Drivers.dir/__/__/Core/Src/system_stm32f4xx.c.obj
 .debug_macro   0x0001d322      0x9e9 cmake/stm32cubemx/CMakeFiles/STM32_Drivers.dir/__/__/Core/Src/system_stm32f4xx.c.obj
 .debug_macro   0x0001dd0b      0x115 cmake/stm32cubemx/CMakeFiles/STM32_Drivers.dir/__/__/Core/Src/system_stm32f4xx.c.obj
 .debug_macro   0x0001de20      0x1a0 cmake/stm32cubemx/CMakeFiles/STM32_Drivers.dir/__/__/Core/Src/system_stm32f4xx.c.obj
 .debug_macro   0x0001dfc0       0xa5 cmake/stm32cubemx/CMakeFiles/STM32_Drivers.dir/__/__/Core/Src/system_stm32f4xx.c.obj
 .debug_macro   0x0001e065      0x16d cmake/stm32cubemx/CMakeFiles/STM32_Drivers.dir/__/__/Core/Src/system_stm32f4xx.c.obj
 .debug_macro   0x0001e1d2      0x287 cmake/stm32cubemx/CMakeFiles/STM32_Drivers.dir/__/__/Core/Src/system_stm32f4xx.c.obj
 .debug_macro   0x0001e459       0x5f cmake/stm32cubemx/CMakeFiles/STM32_Drivers.dir/__/__/Core/Src/system_stm32f4xx.c.obj
 .debug_macro   0x0001e4b8      0x236 cmake/stm32cubemx/CMakeFiles/STM32_Drivers.dir/__/__/Core/Src/system_stm32f4xx.c.obj
 .debug_macro   0x0001e6ee      0x132 cmake/stm32cubemx/CMakeFiles/STM32_Drivers.dir/__/__/Core/Src/system_stm32f4xx.c.obj
 .debug_macro   0x0001e820      0x29c cmake/stm32cubemx/CMakeFiles/STM32_Drivers.dir/__/__/Core/Src/system_stm32f4xx.c.obj
 .debug_macro   0x0001eabc       0x2e cmake/stm32cubemx/CMakeFiles/STM32_Drivers.dir/__/__/Core/Src/system_stm32f4xx.c.obj
 .debug_macro   0x0001eaea      0x127 cmake/stm32cubemx/CMakeFiles/STM32_Drivers.dir/__/__/Core/Src/system_stm32f4xx.c.obj
 .debug_macro   0x0001ec11       0xe8 cmake/stm32cubemx/CMakeFiles/STM32_Drivers.dir/__/__/Core/Src/system_stm32f4xx.c.obj
 .debug_macro   0x0001ecf9       0x89 cmake/stm32cubemx/CMakeFiles/STM32_Drivers.dir/__/__/Core/Src/system_stm32f4xx.c.obj
 .debug_macro   0x0001ed82      0x2aa cmake/stm32cubemx/CMakeFiles/STM32_Drivers.dir/__/__/Core/Src/system_stm32f4xx.c.obj
 .debug_macro   0x0001f02c      0x126 cmake/stm32cubemx/CMakeFiles/STM32_Drivers.dir/__/__/Core/Src/system_stm32f4xx.c.obj
 .debug_macro   0x0001f152      0x1bb cmake/stm32cubemx/CMakeFiles/STM32_Drivers.dir/__/__/Drivers/STM32F4xx_HAL_Driver/Src/stm32f4xx_hal_uart.c.obj
 .debug_macro   0x0001f30d      0x1de cmake/stm32cubemx/CMakeFiles/STM32_Drivers.dir/__/__/Drivers/STM32F4xx_HAL_Driver/Src/stm32f4xx_hal_rcc.c.obj